 qagamex86

 Timestamp is 402d0b32 (Fri Feb 13 12:36:50 2004)

 Preferred load address is 20000000

 Start         Length     Name                   Class
 0001:00000000 0006d1beH .text                   CODE
 0002:00000000 000024c1H .rdata                  DATA
 0002:000024d0 0000005aH .edata                  DATA
 0003:00000000 00000004H .CRT$XCA                DATA
 0003:00000004 00000004H .CRT$XCZ                DATA
 0003:00000008 00000004H .CRT$XIA                DATA
 0003:0000000c 00000004H .CRT$XIC                DATA
 0003:00000010 00000004H .CRT$XIZ                DATA
 0003:00000014 00000004H .CRT$XPA                DATA
 0003:00000018 00000004H .CRT$XPX                DATA
 0003:0000001c 00000004H .CRT$XPZ                DATA
 0003:00000020 00000004H .CRT$XTA                DATA
 0003:00000024 00000004H .CRT$XTZ                DATA
 0003:00000030 00010344H .data                   DATA
 0003:00010378 0015a188H .bss                    DATA
 0004:00000000 00000014H .idata$2                DATA
 0004:00000014 00000014H .idata$3                DATA
 0004:00000028 00000124H .idata$4                DATA
 0004:0000014c 00000124H .idata$5                DATA
 0004:00000270 0000051cH .idata$6                DATA

  Address         Publics by Value              Rva+Base   Lib:Object

 0001:00000000       _BotNumActivePlayers       20001000 f ai_chat.obj
 0001:00000109       _BotIsFirstInRankings      20001109 f ai_chat.obj
 0001:0000022a       _BotIsLastInRankings       2000122a f ai_chat.obj
 0001:0000034b       _BotFirstClientInRankings  2000134b f ai_chat.obj
 0001:000004a0       _BotLastClientInRankings   200014a0 f ai_chat.obj
 0001:000005f5       _BotRandomOpponentName     200015f5 f ai_chat.obj
 0001:000007f1       _PrivateBotOwner           200017f1 f ai_chat.obj
 0001:00000862       _BotMapTitle               20001862 f ai_chat.obj
 0001:000008b3       _BotWeaponNameForMeansOfDeath 200018b3 f ai_chat.obj
 0001:000009f9       _BotRandomWeaponName       200019f9 f ai_chat.obj
 0001:00000a9a       _BotVisibleEnemies         20001a9a f ai_chat.obj
 0001:00000bda       _BotValidChatPosition      20001bda f ai_chat.obj
 0001:00000db9       _BotChat_EnterGame         20001db9 f ai_chat.obj
 0001:00000efd       _BotChat_ExitGame          20001efd f ai_chat.obj
 0001:0000102a       _BotChat_StartLevel        2000202a f ai_chat.obj
 0001:00001175       _BotChat_EndLevel          20002175 f ai_chat.obj
 0001:000013b4       _BotChat_Death             200023b4 f ai_chat.obj
 0001:00001953       _BotChat_Kill              20002953 f ai_chat.obj
 0001:00001c33       _BotChat_EnemySuicide      20002c33 f ai_chat.obj
 0001:00001d89       _BotChat_HitTalking        20002d89 f ai_chat.obj
 0001:00001f38       _BotChat_HitNoDeath        20002f38 f ai_chat.obj
 0001:00002149       _BotChat_HitNoKill         20003149 f ai_chat.obj
 0001:00002304       _BotChat_Random            20003304 f ai_chat.obj
 0001:000025bc       _BotChatTime               200035bc f ai_chat.obj
 0001:000025e8       _BotChatTest               200035e8 f ai_chat.obj
 0001:000033a0       _BotPrintTeamGoal          200043a0 f ai_cmd.obj
 0001:000035c0       _BotGetItemTeamGoal        200045c0 f ai_cmd.obj
 0001:0000361e       _BotGetMessageTeamGoal     2000461e f ai_cmd.obj
 0001:0000367e       _BotGetTime                2000467e f ai_cmd.obj
 0001:000037a0       _FindClientByName          200047a0 f ai_cmd.obj
 0001:000038aa       _FindEnemyByName           200048aa f ai_cmd.obj
 0001:000039e9       _NumPlayersOnSameTeam      200049e9 f ai_cmd.obj
 0001:00003ab7       _BotGetPatrolWaypoints     20004ab7 f ai_cmd.obj
 0001:00003d3d       _BotAddressedToBot         20004d3d f ai_cmd.obj
 0001:00003fbb       _BotGPSToPosition          20004fbb f ai_cmd.obj
 0001:000040b6       _BotMatch_HelpAccompany    200050b6 f ai_cmd.obj
 0001:000045d7       _BotMatch_DefendKeyArea    200055d7 f ai_cmd.obj
 0001:00004754       _BotMatch_GetItem          20005754 f ai_cmd.obj
 0001:000048ea       _BotMatch_Camp             200058ea f ai_cmd.obj
 0001:00004d23       _BotMatch_Patrol           20005d23 f ai_cmd.obj
 0001:00004ebe       _BotMatch_GetFlag          20005ebe f ai_cmd.obj
 0001:00004ff7       _BotMatch_AttackEnemyBase  20005ff7 f ai_cmd.obj
 0001:00005115       _BotMatch_RushBase         20006115 f ai_cmd.obj
 0001:0000522d       _BotMatch_TaskPreference   2000622d f ai_cmd.obj
 0001:000053d8       _BotMatch_ReturnFlag       200063d8 f ai_cmd.obj
 0001:000054d7       _BotMatch_JoinSubteam      200064d7 f ai_cmd.obj
 0001:000055ae       _BotMatch_LeaveSubteam     200065ae f ai_cmd.obj
 0001:0000566f       _BotMatch_WhichTeam        2000666f f ai_cmd.obj
 0001:000056f7       _BotMatch_CheckPoint       200066f7 f ai_cmd.obj
 0001:00005986       _BotMatch_FormationSpace   20006986 f ai_cmd.obj
 0001:00005a5b       _BotMatch_Dismiss          20006a5b f ai_cmd.obj
 0001:00005b72       _BotMatch_Suicide          20006b72 f ai_cmd.obj
 0001:00005c09       _BotMatch_StartTeamLeaderShip 20006c09 f ai_cmd.obj
 0001:00005ccb       _BotMatch_StopTeamLeaderShip 20006ccb f ai_cmd.obj
 0001:00005dae       _BotMatch_WhoIsTeamLeader  20006dae f ai_cmd.obj
 0001:00005e11       _BotMatch_WhatAreYouDoing  20006e11 f ai_cmd.obj
 0001:00006110       _BotMatch_WhatIsMyCommand  20007110 f ai_cmd.obj
 0001:00006157       _BotNearestVisibleItem     20007157 f ai_cmd.obj
 0001:000062ce       _BotMatch_WhereAreYou      200072ce f ai_cmd.obj
 0001:00006640       _BotMatch_LeadTheWay       20007640 f ai_cmd.obj
 0001:0000691e       _BotMatch_Kill             2000791e f ai_cmd.obj
 0001:00006ab8       _BotMatch_CTF              20007ab8 f ai_cmd.obj
 0001:00006c69       _BotMatch_EnterGame        20007c69 f ai_cmd.obj
 0001:00006caa       _BotMatch_NewLeader        20007caa f ai_cmd.obj
 0001:00006d04       _BotMatchMessage           20007d04 f ai_cmd.obj
 0001:000070e0       _BotResetNodeSwitches      200080e0 f ai_dmnet.obj
 0001:000070ef       _BotDumpNodeSwitches       200080ef f ai_dmnet.obj
 0001:00007176       _BotRecordNodeSwitch       20008176 f ai_dmnet.obj
 0001:00007206       _BotGetAirGoal             20008206 f ai_dmnet.obj
 0001:000073a3       _BotGoForAir               200083a3 f ai_dmnet.obj
 0001:0000748e       _BotNearbyGoal             2000848e f ai_dmnet.obj
 0001:0000753d       _BotReachedGoal            2000853d f ai_dmnet.obj
 0001:000076ef       _BotGetItemLongTermGoal    200086ef f ai_dmnet.obj
 0001:0000782b       _BotGetLongTermGoal        2000882b f ai_dmnet.obj
 0001:0000966c       _BotLongTermGoal           2000a66c f ai_dmnet.obj
 0001:00009b70       _AIEnter_Intermission      2000ab70 f ai_dmnet.obj
 0001:00009bd6       _AINode_Intermission       2000abd6 f ai_dmnet.obj
 0001:00009c43       _AIEnter_Observer          2000ac43 f ai_dmnet.obj
 0001:00009c7b       _AINode_Observer           2000ac7b f ai_dmnet.obj
 0001:00009ca6       _AIEnter_Stand             2000aca6 f ai_dmnet.obj
 0001:00009ce7       _AINode_Stand              2000ace7 f ai_dmnet.obj
 0001:00009e01       _AIEnter_Respawn           2000ae01 f ai_dmnet.obj
 0001:00009f01       _AINode_Respawn            2000af01 f ai_dmnet.obj
 0001:0000a001       _BotSelectActivateWeapon   2000b001 f ai_dmnet.obj
 0001:0000a0a4       _BotClearPath              2000b0a4 f ai_dmnet.obj
 0001:0000a3c0       _AIEnter_Seek_ActivateEntity 2000b3c0 f ai_dmnet.obj
 0001:0000a3ec       _AINode_Seek_ActivateEntity 2000b3ec f ai_dmnet.obj
 0001:0000ac88       _AIEnter_Seek_NBG          2000bc88 f ai_dmnet.obj
 0001:0000ad0c       _AINode_Seek_NBG           2000bd0c f ai_dmnet.obj
 0001:0000b1b6       _AIEnter_Seek_LTG          2000c1b6 f ai_dmnet.obj
 0001:0000b23a       _AINode_Seek_LTG           2000c23a f ai_dmnet.obj
 0001:0000b8a4       _AIEnter_Battle_Fight      2000c8a4 f ai_dmnet.obj
 0001:0000b8e2       _AIEnter_Battle_SuicidalFight 2000c8e2 f ai_dmnet.obj
 0001:0000b934       _AINode_Battle_Fight       2000c934 f ai_dmnet.obj
 0001:0000becf       _AIEnter_Battle_Chase      2000cecf f ai_dmnet.obj
 0001:0000bf09       _AINode_Battle_Chase       2000cf09 f ai_dmnet.obj
 0001:0000c451       _AIEnter_Battle_Retreat    2000d451 f ai_dmnet.obj
 0001:0000c47d       _AINode_Battle_Retreat     2000d47d f ai_dmnet.obj
 0001:0000cacb       _AIEnter_Battle_NBG        2000dacb f ai_dmnet.obj
 0001:0000caf7       _AINode_Battle_NBG         2000daf7 f ai_dmnet.obj
 0001:0000d030       _BotSetUserInfo            2000e030 f ai_dmq3.obj
 0001:0000d094       _BotCTFCarryingFlag        2000e094 f ai_dmq3.obj
 0001:0000d0ce       _BotTeam                   2000e0ce f ai_dmq3.obj
 0001:0000d166       _BotOppositeTeam           2000e166 f ai_dmq3.obj
 0001:0000d19b       _BotEnemyFlag              2000e19b f ai_dmq3.obj
 0001:0000d1bd       _BotTeamFlag               2000e1bd f ai_dmq3.obj
 0001:0000d1df       _EntityIsDead              2000e1df f ai_dmq3.obj
 0001:0000d226       _EntityCarriesFlag         2000e226 f ai_dmq3.obj
 0001:0000d25a       _EntityIsInvisible         2000e25a f ai_dmq3.obj
 0001:0000d289       _EntityIsShooting          2000e289 f ai_dmq3.obj
 0001:0000d2a7       _EntityIsChatting          2000e2a7 f ai_dmq3.obj
 0001:0000d2c5       _EntityHasQuad             2000e2c5 f ai_dmq3.obj
 0001:0000d2e0       _BotRememberLastOrderedTask 2000e2e0 f ai_dmq3.obj
 0001:0000d347       _BotSetTeamStatus          2000e347 f ai_dmq3.obj
 0001:0000d34c       _BotSetLastOrderedTask     2000e34c f ai_dmq3.obj
 0001:0000d4fc       _BotRefuseOrder            2000e4fc f ai_dmq3.obj
 0001:0000d57d       _BotCTFSeekGoals           2000e57d f ai_dmq3.obj
 0001:0000e10c       _BotCTFRetreatGoals        2000f10c f ai_dmq3.obj
 0001:0000e190       _BotTeamGoals              2000f190 f ai_dmq3.obj
 0001:0000e1d4       _BotPointAreaNum           2000f1d4 f ai_dmq3.obj
 0001:0000e246       _ClientName                2000f246 f ai_dmq3.obj
 0001:0000e2d8       _ClientSkin                2000f2d8 f ai_dmq3.obj
 0001:0000e35a       _ClientFromName            2000f35a f ai_dmq3.obj
 0001:0000e41b       _ClientOnSameTeamFromName  2000f41b f ai_dmq3.obj
 0001:0000e4fa       _stristr                   2000f4fa f ai_dmq3.obj
 0001:0000e58a       _EasyClientName            2000f58a f ai_dmq3.obj
 0001:0000e813       _BotSynonymContext         2000f813 f ai_dmq3.obj
 0001:0000e853       _BotEatBeans               2000f853 f ai_dmq3.obj
 0001:0000e8e6       _BotChooseWeapon           2000f8e6 f ai_dmq3.obj
 0001:0000e980       _BotSetupForMovement       2000f980 f ai_dmq3.obj
 0001:0000eadb       _BotCheckItemPickup        2000fadb f ai_dmq3.obj
 0001:0000eae0       _BotUpdateInventory        2000fae0 f ai_dmq3.obj
 0001:0000ef46       _BotUpdateBattleInventory  2000ff46 f ai_dmq3.obj
 0001:0000efd1       _BotBattleUseItems         2000ffd1 f ai_dmq3.obj
 0001:0000f0b0       _BotSetTeleportTime        200100b0 f ai_dmq3.obj
 0001:0000f0e9       _BotIsDead                 200100e9 f ai_dmq3.obj
 0001:0000f0fc       _BotIsObserver             200100fc f ai_dmq3.obj
 0001:0000f164       _BotIntermission           20010164 f ai_dmq3.obj
 0001:0000f1a1       _BotInLavaOrSlime          200101a1 f ai_dmq3.obj
 0001:0000f1ea       _BotCreateWayPoint         200101ea f ai_dmq3.obj
 0001:0000f2df       _BotFindWayPoint           200102df f ai_dmq3.obj
 0001:0000f31e       _BotFreeWaypoints          2001031e f ai_dmq3.obj
 0001:0000f354       _BotInitWaypoints          20010354 f ai_dmq3.obj
 0001:0000f3a5       _TeamPlayIsOn              200103a5 f ai_dmq3.obj
 0001:0000f3b6       _BotAggression             200103b6 f ai_dmq3.obj
 0001:0000f5b0       _BotFeelingBad             200105b0 f ai_dmq3.obj
 0001:0000f60b       _BotWantsToRetreat         2001060b f ai_dmq3.obj
 0001:0000f6a9       _BotWantsToChase           200106a9 f ai_dmq3.obj
 0001:0000f738       _BotWantsToHelp            20010738 f ai_dmq3.obj
 0001:0000f742       _BotCanAndWantsToRocketJump 20010742 f ai_dmq3.obj
 0001:0000f7ed       _BotHasPersistantPowerupAndWeapon 200107ed f ai_dmq3.obj
 0001:0000f8c1       _BotGoCamp                 200108c1 f ai_dmq3.obj
 0001:0000f9b7       _BotWantsToCamp            200109b7 f ai_dmq3.obj
 0001:0000fbec       _BotDontAvoid              20010bec f ai_dmq3.obj
 0001:0000fc40       _BotGoForPowerups          20010c40 f ai_dmq3.obj
 0001:0000fca7       _BotRoamGoal               20010ca7 f ai_dmq3.obj
 0001:0001001e       _BotAttackMove             2001101e f ai_dmq3.obj
 0001:00010818       _BotSameTeam               20011818 f ai_dmq3.obj
 0001:000109aa       _InFieldOfVision           200119aa f ai_dmq3.obj
 0001:00010aac       _BotEntityVisible          20011aac f ai_dmq3.obj
 0001:000110af       _BotFindEnemy              200120af f ai_dmq3.obj
 0001:0001160f       _BotTeamFlagCarrierVisible 2001260f f ai_dmq3.obj
 0001:0001170a       _BotTeamFlagCarrier        2001270a f ai_dmq3.obj
 0001:000117b6       _BotEnemyFlagCarrierVisible 200127b6 f ai_dmq3.obj
 0001:000118b1       _BotVisibleTeamMatesAndEnemies 200128b1 f ai_dmq3.obj
 0001:00011a3f       _BotAimAtEnemy             20012a3f f ai_dmq3.obj
 0001:00012f04       _BotCheckAttack            20013f04 f ai_dmq3.obj
 0001:000134c1       _BotMapScripts             200144c1 f ai_dmq3.obj
 0001:00013911       _BotSetMovedir             20014911 f ai_dmq3.obj
 0001:000139dd       _BotModelMinsMaxs          200149dd f ai_dmq3.obj
 0001:00013b50       _BotFuncButtonActivateGoal 20014b50 f ai_dmq3.obj
 0001:000147b3       _BotFuncDoorActivateGoal   200157b3 f ai_dmq3.obj
 0001:00014985       _BotTriggerMultipleActivateGoal 20015985 f ai_dmq3.obj
 0001:00014c93       _BotPopFromActivateGoalStack 20015c93 f ai_dmq3.obj
 0001:00014cfa       _BotPushOntoActivateGoalStack 20015cfa f ai_dmq3.obj
 0001:00014e06       _BotClearActivateGoalStack 20015e06 f ai_dmq3.obj
 0001:00014e25       _BotEnableActivateGoalAreas 20015e25 f ai_dmq3.obj
 0001:00014e8e       _BotIsGoingToActivateEntity 20015e8e f ai_dmq3.obj
 0001:00014f5a       _BotGetActivateGoal        20015f5a f ai_dmq3.obj
 0001:0001588c       _BotGoForActivateGoal      2001688c f ai_dmq3.obj
 0001:00015940       _BotPrintActivateGoalInfo  20016940 f ai_dmq3.obj
 0001:00015a3e       _BotRandomMove             20016a3e f ai_dmq3.obj
 0001:00015ac6       _BotAIBlocked              20016ac6 f ai_dmq3.obj
 0001:00015f08       _BotAIPredictObstacles     20016f08 f ai_dmq3.obj
 0001:000160a0       _BotCheckConsoleMessages   200170a0 f ai_dmq3.obj
 0001:000164ca       _BotCheckForGrenades       200174ca f ai_dmq3.obj
 0001:00016506       _BotCheckForBeartraps      20017506 f ai_dmq3.obj
 0001:00016615       _BotCheckForAutosentrys    20017615 f ai_dmq3.obj
 0001:00016725       _BotCheckForGravityWells   20017725 f ai_dmq3.obj
 0001:0001679c       _BotCheckEvents            2001779c f ai_dmq3.obj
 0001:00016c49       _BotCheckSnapshot          20017c49 f ai_dmq3.obj
 0001:00016d51       _BotCheckAir               20017d51 f ai_dmq3.obj
 0001:00016d8b       _BotAlternateRoute         20017d8b f ai_dmq3.obj
 0001:00016e30       _BotGetAlternateRouteGoal  20017e30 f ai_dmq3.obj
 0001:00016f6c       _BotSetupAlternativeRouteGoals 20017f6c f ai_dmq3.obj
 0001:00016f86       _BotDeathmatchAI           20017f86 f ai_dmq3.obj
 0001:00017351       _BotSetEntityNumForGoalWithModel 20018351 f ai_dmq3.obj
 0001:00017424       _BotSetEntityNumForGoal    20018424 f ai_dmq3.obj
 0001:000174dd       _BotGoalForBSPEntity       200184dd f ai_dmq3.obj
 0001:00017672       _BotSetupDeathmatchAI      20018672 f ai_dmq3.obj
 0001:00017876       _BotShutdownDeathmatchAI   20018876 f ai_dmq3.obj
 0001:00017890       _BotAI_Print               20018890 f ai_main.obj
 0001:00017987       _BotAI_Trace               20018987 f ai_main.obj
 0001:00017a50       _BotAI_GetClientState      20018a50 f ai_main.obj
 0001:00017aa9       _BotAI_GetEntityState      20018aa9 f ai_main.obj
 0001:00017b23       _BotAI_GetSnapshotEntity   20018b23 f ai_main.obj
 0001:00017b72       _BotAI_BotInitialChat      20018b72 f ai_main.obj
 0001:00017c32       _BotTestAAS                20018c32 f ai_main.obj
 0001:00017d05       _BotReportStatus           20018d05 f ai_main.obj
 0001:000180c6       _BotTeamplayReport         200190c6 f ai_main.obj
 0001:000182d9       _BotSetInfoConfigString    200192d9 f ai_main.obj
 0001:00018681       _BotUpdateInfoConfigStrings 20019681 f ai_main.obj
 0001:00018760       _BotInterbreedBots         20019760 f ai_main.obj
 0001:00018911       _BotWriteInterbreeded      20019911 f ai_main.obj
 0001:000189cf       _BotInterbreedEndMatch     200199cf f ai_main.obj
 0001:00018a46       _BotInterbreeding          20019a46 f ai_main.obj
 0001:00018b69       _BotEntityInfo             20019b69 f ai_main.obj
 0001:00018b7e       _NumBots                   20019b7e f ai_main.obj
 0001:00018b88       _BotTeamLeader             20019b88 f ai_main.obj
 0001:00018bd3       _AngleDifference           20019bd3 f ai_main.obj
 0001:00018c2e       _BotChangeViewAngle        20019c2e f ai_main.obj
 0001:00018d07       _BotChangeViewAngles       20019d07 f ai_main.obj
 0001:00019055       _BotInputToUserCommand     2001a055 f ai_main.obj
 0001:0001945d       _BotUpdateInput            2001a45d f ai_main.obj
 0001:0001958e       _BotAIRegularUpdate        2001a58e f ai_main.obj
 0001:000195bd       _RemoveColorEscapeSequences 2001a5bd f ai_main.obj
 0001:00019664       _BotAI                     2001a664 f ai_main.obj
 0001:00019a7a       _BotScheduleBotThink       2001aa7a f ai_main.obj
 0001:00019ae9       _BotWriteSessionData       2001aae9 f ai_main.obj
 0001:00019c01       _BotReadSessionData        2001ac01 f ai_main.obj
 0001:00019cfc       _BotAISetupClient          2001acfc f ai_main.obj
 0001:0001a113       _BotAIShutdownClient       2001b113 f ai_main.obj
 0001:0001a234       _BotResetState             2001b234 f ai_main.obj
 0001:0001a479       _BotAILoadMap              2001b479 f ai_main.obj
 0001:0001a535       _BotAIStartFrame           2001b535 f ai_main.obj
 0001:0001abc1       _BotInitLibrary            2001bbc1 f ai_main.obj
 0001:0001b0c5       _BotAISetup                2001c0c5 f ai_main.obj
 0001:0001b249       _BotAIShutdown             2001c249 f ai_main.obj
 0001:0001b390       _BotValidTeamLeader        2001c390 f ai_team.obj
 0001:0001b3ce       _BotNumTeamMates           2001c3ce f ai_team.obj
 0001:0001b4ee       _BotClientTravelTimeToGoal 2001c4ee f ai_team.obj
 0001:0001b54c       _BotSortTeamMatesByBaseTravelTime 2001c54c f ai_team.obj
 0001:0001b79a       _BotSetTeamMateTaskPreference 2001c79a f ai_team.obj
 0001:0001b7de       _BotGetTeamMateTaskPreference 2001c7de f ai_team.obj
 0001:0001b839       _BotSortTeamMatesByTaskPreference 2001c839 f ai_team.obj
 0001:0001b9b3       _BotSayTeamOrderAlways     2001c9b3 f ai_team.obj
 0001:0001ba5d       _BotSayTeamOrder           2001ca5d f ai_team.obj
 0001:0001ba72       _BotVoiceChat              2001ca72 f ai_team.obj
 0001:0001ba77       _BotVoiceChatOnly          2001ca77 f ai_team.obj
 0001:0001ba7c       _BotSayVoiceTeamOrder      2001ca7c f ai_team.obj
 0001:0001ba81       _BotCTFOrders_BothFlagsNotAtBase 2001ca81 f ai_team.obj
 0001:0001bfb4       _BotCTFOrders_FlagNotAtBase 2001cfb4 f ai_team.obj
 0001:0001c6d1       _BotCTFOrders_EnemyFlagNotAtBase 2001d6d1 f ai_team.obj
 0001:0001cb74       _BotCTFOrders_BothFlagsAtBase 2001db74 f ai_team.obj
 0001:0001d28c       _BotCTFOrders              2001e28c f ai_team.obj
 0001:0001d335       _BotCreateGroup            2001e335 f ai_team.obj
 0001:0001d3e1       _BotTeamOrders             2001e3e1 f ai_team.obj
 0001:0001d62a       _FindHumanTeamLeader       2001e62a f ai_team.obj
 0001:0001d6df       _BotTeamAI                 2001e6df f ai_team.obj
 0001:0001dbd0       _BotVoiceChat_GetFlag      2001ebd0 f ai_vcmd.obj
 0001:0001dcba       _BotVoiceChat_Offense      2001ecba f ai_vcmd.obj
 0001:0001dd8a       _BotVoiceChat_Defend       2001ed8a f ai_vcmd.obj
 0001:0001dea2       _BotVoiceChat_DefendFlag   2001eea2 f ai_vcmd.obj
 0001:0001debb       _BotVoiceChat_Patrol       2001eebb f ai_vcmd.obj
 0001:0001df49       _BotVoiceChat_Camp         2001ef49 f ai_vcmd.obj
 0001:0001e139       _BotVoiceChat_FollowMe     2001f139 f ai_vcmd.obj
 0001:0001e345       _BotVoiceChat_FollowFlagCarrier 2001f345 f ai_vcmd.obj
 0001:0001e382       _BotVoiceChat_ReturnFlag   2001f382 f ai_vcmd.obj
 0001:0001e432       _BotVoiceChat_StartLeader  2001f432 f ai_vcmd.obj
 0001:0001e44e       _BotVoiceChat_StopLeader   2001f44e f ai_vcmd.obj
 0001:0001e4a2       _BotVoiceChat_WhoIsLeader  2001f4a2 f ai_vcmd.obj
 0001:0001e52d       _BotVoiceChat_WantOnDefense 2001f52d f ai_vcmd.obj
 0001:0001e5d9       _BotVoiceChat_WantOnOffense 2001f5d9 f ai_vcmd.obj
 0001:0001e685       _BotVoiceChat_Dummy        2001f685 f ai_vcmd.obj
 0001:0001e68a       _BotVoiceChatCommand       2001f68a f ai_vcmd.obj
 0001:0001e8f0       _BG_FindItemForPowerup     2001f8f0 f bg_misc.obj
 0001:0001e964       _BG_FindItemForHoldable    2001f964 f bg_misc.obj
 0001:0001e9c9       _BG_FindItemForWeapon      2001f9c9 f bg_misc.obj
 0001:0001ea1b       _BG_FindItem               2001fa1b f bg_misc.obj
 0001:0001ea5d       _BG_PlayerTouchesItem      2001fa5d f bg_misc.obj
 0001:0001eb0b       _BG_CanItemBeGrabbed       2001fb0b f bg_misc.obj
 0001:0001ee30       _BG_EvaluateTrajectory     2001fe30 f bg_misc.obj
 0001:0001f0ff       _BG_EvaluateTrajectoryDelta 200200ff f bg_misc.obj
 0001:0001f30f       _BG_AddPredictableEventToPlayerstate 2002030f f bg_misc.obj
 0001:0001f3b3       _BG_TouchJumpPad           200203b3 f bg_misc.obj
 0001:0001f495       _BG_PlayerStateToEntityState 20020495 f bg_misc.obj
 0001:0001f8da       _BG_PlayerStateToEntityStateExtraPolate 200208da f bg_misc.obj
 0001:0001fd40       _PM_AddEvent               20020d40 f bg_pmove.obj
 0001:0001fd5b       _PM_AddTouchEnt            20020d5b f bg_pmove.obj
 0001:0001fddb       _PM_ClipVelocity           20020ddb f bg_pmove.obj
 0001:0001fe6d       _PM_UpdateViewAngles       20020e6d f bg_pmove.obj
 0001:0001ff5c       _PM_NextHoldable           20020f5c f bg_pmove.obj
 0001:00020045       _PmoveSingle               20021045 f bg_pmove.obj
 0001:000236c3       _Pmove                     200246c3 f bg_pmove.obj
 0001:000237b0       _PM_SlideMove              200247b0 f bg_slidemove.obj
 0001:00024114       _PM_StepSlideMove          20025114 f bg_slidemove.obj
 0001:00024550       _P_DamageFeedback          20025550 f g_active.obj
 0001:000246d8       _P_WorldEffects            200256d8 f g_active.obj
 0001:00024971       _G_SetClientSound          20025971 f g_active.obj
 0001:000249bc       _ClientImpacts             200259bc f g_active.obj
 0001:00024ab2       _G_TouchTriggers           20025ab2 f g_active.obj
 0001:00024dbc       _SpectatorThink            20025dbc f g_active.obj
 0001:00024f05       _ClientInactivityTimer     20025f05 f g_active.obj
 0001:00025037       _ClientTimerActions        20026037 f g_active.obj
 0001:00025249       _ClientIntermissionThink   20026249 f g_active.obj
 0001:000252c1       _ClientEvents              200262c1 f g_active.obj
 0001:00025640       _SendPendingPredictableEvents 20026640 f g_active.obj
 0001:0002573d       _ClientThink_real          2002673d f g_active.obj
 0001:00025fa2       _ClientThink               20026fa2 f g_active.obj
 0001:00026010       _G_RunClient               20027010 f g_active.obj
 0001:00026051       _SpectatorClientEndFrame   20027051 f g_active.obj
 0001:000261cf       _ClientEndFrame            200271cf f g_active.obj
 0001:00026340       _UpdateTournamentInfo      20027340 f g_arenas.obj
 0001:00026645       _SpawnModelsOnVictoryPads  20027645 f g_arenas.obj
 0001:000271d9       _Svcmd_AbortPodium_f       200281d9 f g_arenas.obj
 0001:00027220       _trap_Cvar_VariableValue   20028220 f g_bot.obj
 0001:00027254       _G_ParseInfos              20028254 f g_bot.obj
 0001:00027415       _G_GetArenaInfoByMap       20028415 f g_bot.obj
 0001:00027473       _G_AddRandomBot            20028473 f g_bot.obj
 0001:00027709       _G_RemoveRandomBot         20028709 f g_bot.obj
 0001:000277f3       _G_CountHumanPlayers       200287f3 f g_bot.obj
 0001:00027884       _G_CountBotPlayers         20028884 f g_bot.obj
 0001:00027985       _G_CheckMinimumPlayers     20028985 f g_bot.obj
 0001:00027b91       _G_CheckBotSpawn           20028b91 f g_bot.obj
 0001:00027ce9       _G_RemoveQueuedBotBegin    20028ce9 f g_bot.obj
 0001:00027d2a       _G_BotConnect              20028d2a f g_bot.obj
 0001:00027df9       _Svcmd_AddBot_f            20028df9 f g_bot.obj
 0001:000284ba       _botdriverThink            200294ba f g_bot.obj
 0001:0002867e       _G_AddPrivateBot           2002967e f g_bot.obj
 0001:00028c47       _Svcmd_BotList_f           20029c47 f g_bot.obj
 0001:00028df1       _G_GetBotInfoByNumber      20029df1 f g_bot.obj
 0001:00028e2f       _G_GetBotInfoByName        20029e2f f g_bot.obj
 0001:00028e95       _G_InitBots                20029e95 f g_bot.obj
 0001:00029720       _SortHub                   2002a720 f g_client.obj
 0001:0002975c       _func_hubvote_think        2002a75c f g_client.obj
 0001:00029ba5       _spawn_hubvote             2002aba5 f g_client.obj
 0001:00029c03       _SP_info_player_postvote   2002ac03 f g_client.obj
 0001:00029c6d       _SP_info_player_deathmatch 2002ac6d f g_client.obj
 0001:00029d09       _SP_info_player_start      2002ad09 f g_client.obj
 0001:00029d27       _SP_info_player_intermission 2002ad27 f g_client.obj
 0001:00029d2c       _SpotWouldTelefrag         2002ad2c f g_client.obj
 0001:00029e05       _SelectNearestDeathmatchSpawnPoint 2002ae05 f g_client.obj
 0001:00029f52       _SelectRandomDeathmatchSpawnPoint 2002af52 f g_client.obj
 0001:0002a055       _SelectRandomDistantSpawnPoint 2002b055 f g_client.obj
 0001:0002a21b       _SelectClosestSpawnPoint   2002b21b f g_client.obj
 0001:0002a37a       _SelectRandomFurthestSpawnPoint 2002b37a f g_client.obj
 0001:0002a71f       _SelectRandomDistantSpawnPoint2 2002b71f f g_client.obj
 0001:0002a926       _SelectSpawnPoint          2002b926 f g_client.obj
 0001:0002aa38       _SelectInitialSpawnPoint   2002ba38 f g_client.obj
 0001:0002ab41       _SelectSpectatorSpawnPoint 2002bb41 f g_client.obj
 0001:0002ab91       _InitBodyQue               2002bb91 f g_client.obj
 0001:0002abee       _BodySink                  2002bbee f g_client.obj
 0001:0002ac49       _CopyToBodyQue             2002bc49 f g_client.obj
 0001:0002afc9       _SetClientViewAngle        2002bfc9 f g_client.obj
 0001:0002b097       _respawn                   2002c097 f g_client.obj
 0001:0002b0e3       _TeamCount                 2002c0e3 f g_client.obj
 0001:0002b15e       _TeamLeader                2002c15e f g_client.obj
 0001:0002b1db       _PickTeam                  2002c1db f g_client.obj
 0001:0002b23f       _ClientUserinfoChanged     2002c23f f g_client.obj
 0001:0002ba4d       _ClientConnect             2002ca4d f g_client.obj
 0001:0002bc99       _ClientBegin               2002cc99 f g_client.obj
 0001:0002bdfc       _ClientSpawn               2002cdfc f g_client.obj
 0001:0002c8ac       _ClientDisconnect          2002d8ac f g_client.obj
 0001:0002cb00       _DeathmatchScoreboardMessage 2002db00 f g_cmds.obj
 0001:0002cda9       _Cmd_Score_f               2002dda9 f g_cmds.obj
 0001:0002cdba       _CheatsOk                  2002ddba f g_cmds.obj
 0001:0002ce2f       _ConcatArgs                2002de2f f g_cmds.obj
 0001:0002cf31       _SanitizeString            2002df31 f g_cmds.obj
 0001:0002cfa3       _ClientNumberFromString    2002dfa3 f g_cmds.obj
 0001:0002d16e       _Cmd_Give_f                2002e16e f g_cmds.obj
 0001:0002d5e6       _Cmd_God_f                 2002e5e6 f g_cmds.obj
 0001:0002d660       _Cmd_Notarget_f            2002e660 f g_cmds.obj
 0001:0002d6da       _Cmd_Noclip_f              2002e6da f g_cmds.obj
 0001:0002d765       _Cmd_LevelShot_f           2002e765 f g_cmds.obj
 0001:0002d7c8       _Cmd_TeamTask_f            2002e7c8 f g_cmds.obj
 0001:0002d895       _Cmd_Kill_f                2002e895 f g_cmds.obj
 0001:0002d90c       _BroadcastTeamChange       2002e90c f g_cmds.obj
 0001:0002d9d7       _SetTeam                   2002e9d7 f g_cmds.obj
 0001:0002dddb       _StopFollowing             2002eddb f g_cmds.obj
 0001:0002de67       _Cmd_Team_f                2002ee67 f g_cmds.obj
 0001:0002e011       _Cmd_Follow_f              2002f011 f g_cmds.obj
 0001:0002e15d       _Cmd_FollowCycle_f         2002f15d f g_cmds.obj
 0001:0002e299       _G_Say                     2002f299 f g_cmds.obj
 0001:0002e6ea       _G_Voice                   2002f6ea f g_cmds.obj
 0001:0002e87d       _Cmd_GameCommand_f         2002f87d f g_cmds.obj
 0001:0002e956       _Cmd_Where_f               2002f956 f g_cmds.obj
 0001:0002e992       _Cmd_CallVote_f            2002f992 f g_cmds.obj
 0001:0002efbf       _Cmd_Vote_f                2002ffbf f g_cmds.obj
 0001:0002f124       _Cmd_CallTeamVote_f        20030124 f g_cmds.obj
 0001:0002f873       _Cmd_TeamVote_f            20030873 f g_cmds.obj
 0001:0002fa37       _Cmd_SetViewpos_f          20030a37 f g_cmds.obj
 0001:0002fb49       _Cmd_Stats_f               20030b49 f g_cmds.obj
 0001:0002fb4e       _Cmd_DragonDeploy_f        20030b4e f g_cmds.obj
 0001:0002fcce       _ClientCommand             20030cce f g_cmds.obj
 0001:00030a20       _PrivateBotOwnerTeam       20031a20 f g_combat.obj
 0001:00030aa6       _ScorePlum                 20031aa6 f g_combat.obj
 0001:00030af9       _AddScore                  20031af9 f g_combat.obj
 0001:00030c2f       _TossClientItems           20031c2f f g_combat.obj
 0001:000311f8       _LookAtKiller              200321f8 f g_combat.obj
 0001:000312d7       _GibEntity                 200322d7 f g_combat.obj
 0001:00031312       _body_die                  20032312 f g_combat.obj
 0001:0003134b       _CheckAlmostCapture        2003234b f g_combat.obj
 0001:00031519       _CheckAlmostScored         20032519 f g_combat.obj
 0001:00031621       _player_die                20032621 f g_combat.obj
 0001:00031fac       _CheckArmor                20032fac f g_combat.obj
 0001:0003203f       _RaySphereIntersections    2003303f f g_combat.obj
 0001:00032242       _G_Damage                  20033242 f g_combat.obj
 0001:0003299a       _CanDamage                 2003399a f g_combat.obj
 0001:00032b72       _G_RadiusDamage            20033b72 f g_combat.obj
 0001:00032e30       _Pickup_Powerup            20033e30 f g_items.obj
 0001:0003305f       _Pickup_Holdable           2003405f f g_items.obj
 0001:0003322b       _Add_Ammo                  2003422b f g_items.obj
 0001:00033405       _Pickup_Ammo               20034405 f g_items.obj
 0001:0003349e       _Pickup_Weapon             2003449e f g_items.obj
 0001:000336df       _Pickup_Health             200346df f g_items.obj
 0001:000337e5       _Pickup_Armor              200347e5 f g_items.obj
 0001:0003385b       _PKA_RestoreItem           2003485b f g_items.obj
 0001:000339f5       _RespawnItem               200349f5 f g_items.obj
 0001:00033c79       _PlayerRadiateThink        20034c79 f g_items.obj
 0001:00033eac       _ItemRadiateThink          20034eac f g_items.obj
 0001:00033fb9       _Touch_Item                20034fb9 f g_items.obj
 0001:00034872       _Remove_Holdable           20035872 f g_items.obj
 0001:000348bc       _Remove_Ammo               200358bc f g_items.obj
 0001:000349db       _Remove_Weapon             200359db f g_items.obj
 0001:00034bae       _Remove_Health             20035bae f g_items.obj
 0001:00034c00       _Remove_Armor              20035c00 f g_items.obj
 0001:00034c7a       _Remove_Powerup            20035c7a f g_items.obj
 0001:00034cc7       _Touch_Item_Remove         20035cc7 f g_items.obj
 0001:00034eb8       _LaunchItem                20035eb8 f g_items.obj
 0001:00035061       _Drop_Item                 20036061 f g_items.obj
 0001:0003531e       _Throw_Item                2003631e f g_items.obj
 0001:0003537a       _Use_Item                  2003637a f g_items.obj
 0001:0003538b       _FinishSpawningItem        2003638b f g_items.obj
 0001:00035866       _G_CheckTeamItems          20036866 f g_items.obj
 0001:000358f6       _ClearRegisteredItems      200368f6 f g_items.obj
 0001:00035948       _RegisterItem              20036948 f g_items.obj
 0001:0003597b       _SaveRegisteredItems       2003697b f g_items.obj
 0001:00035a2c       _G_ItemDisabled            20036a2c f g_items.obj
 0001:00035a61       _G_SpawnItem               20036a61 f g_items.obj
 0001:00035e3c       _G_SlideItem               20036e3c f g_items.obj
 0001:00035fb4       _G_BounceItem              20036fb4 f g_items.obj
 0001:000361cd       _G_RunItem                 200371cd f g_items.obj
 0001:00036380       _vmMain                    20037380 f g_main.obj
 0001:0003648a       _G_Printf                  2003748a f g_main.obj
 0001:000364d3       _G_Error                   200374d3 f g_main.obj
 0001:0003651c       _G_FindTeams               2003751c f g_main.obj
 0001:000366de       _G_RemapTeamShaders        200376de f g_main.obj
 0001:000366e3       _G_RegisterCvars           200376e3 f g_main.obj
 0001:000367b9       _G_UpdateCvars             200377b9 f g_main.obj
 0001:0003687c       _G_InitGame                2003787c f g_main.obj
 0001:00036bee       _G_ShutdownGame            20037bee f g_main.obj
 0001:00036c53       _Com_Error                 20037c53 f g_main.obj
 0001:00036ca1       _Com_Printf                20037ca1 f g_main.obj
 0001:00036cef       _AddTournamentPlayer       20037cef f g_main.obj
 0001:00036e11       _RemoveTournamentLoser     20037e11 f g_main.obj
 0001:00036e63       _RemoveTournamentWinner    20037e63 f g_main.obj
 0001:00036eb5       _AdjustTournamentScores    20037eb5 f g_main.obj
 0001:00036f75       _SortRanks                 20037f75 f g_main.obj
 0001:000370c1       _CalculateRanks            200380c1 f g_main.obj
 0001:000375c4       _SendScoreboardMessageToAllClients 200385c4 f g_main.obj
 0001:0003761b       _MoveClientToIntermission  2003861b f g_main.obj
 0001:00037759       _FindIntermissionPoint     20038759 f g_main.obj
 0001:00037849       _BeginIntermission         20038849 f g_main.obj
 0001:000378f8       _ExitLevel                 200388f8 f g_main.obj
 0001:00037a33       _G_LogPrintf               20038a33 f g_main.obj
 0001:00037b52       _LogExit                   20038b52 f g_main.obj
 0001:00037c74       _CheckIntermissionExit     20038c74 f g_main.obj
 0001:00037df4       _ScoreIsTied               20038df4 f g_main.obj
 0001:00037e69       _CheckExitRules            20038e69 f g_main.obj
 0001:000380fe       _CheckTournament           200390fe f g_main.obj
 0001:000383ca       _CheckVote                 200393ca f g_main.obj
 0001:000384b2       _PrintTeam                 200394b2 f g_main.obj
 0001:00038505       _SetLeader                 20039505 f g_main.obj
 0001:0003867b       _CheckTeamLeader           2003967b f g_main.obj
 0001:000387a9       _CheckTeamVote             200397a9 f g_main.obj
 0001:000388f6       _CheckCvars                200398f6 f g_main.obj
 0001:0003895b       _G_RunThink                2003995b f g_main.obj
 0001:000389c6       _G_RunFrame                200399c6 f g_main.obj
 0001:00038d00       _G_Alloc                   20039d00 f g_mem.obj
 0001:00038d85       _G_InitMemory              20039d85 f g_mem.obj
 0001:00038d94       _Svcmd_GameMem_f           20039d94 f g_mem.obj
 0001:00038dc0       _SP_info_camp              20039dc0 f g_misc.obj
 0001:00038dd8       _SP_info_null              20039dd8 f g_misc.obj
 0001:00038de9       _SP_info_notnull           20039de9 f g_misc.obj
 0001:00038e01       _SP_light                  20039e01 f g_misc.obj
 0001:00038e12       _TeleportPlayer            20039e12 f g_misc.obj
 0001:00039073       _SP_misc_teleporter_dest   2003a073 f g_misc.obj
 0001:00039078       _SP_misc_model             2003a078 f g_misc.obj
 0001:00039089       _locateCamera              2003a089 f g_misc.obj
 0001:000391f8       _SP_misc_portal_surface    2003a1f8 f g_misc.obj
 0001:000392bf       _SP_misc_portal_camera     2003a2bf f g_misc.obj
 0001:00039354       _Use_Shooter               2003a354 f g_misc.obj
 0001:000397ad       _InitShooter               2003a7ad f g_misc.obj
 0001:00039933       _SP_shooter_rocket         2003a933 f g_misc.obj
 0001:00039946       _SP_shooter_plasma         2003a946 f g_misc.obj
 0001:00039959       _SP_shooter_grenade        2003a959 f g_misc.obj
 0001:0003996c       _SP_shooter_shell          2003a96c f g_misc.obj
 0001:0003997f       _SP_shooter_rail           2003a97f f g_misc.obj
 0001:00039992       _SP_shooter_lightning      2003a992 f g_misc.obj
 0001:000399a5       _SP_shooter_bullet         2003a9a5 f g_misc.obj
 0001:000399b8       _SP_shooter_nail           2003a9b8 f g_misc.obj
 0001:000399cb       _SP_shooter_beartrap       2003a9cb f g_misc.obj
 0001:000399e0       _alt_vtos                  2003a9e0 f g_missile.obj
 0001:00039a55       _G_BounceMissile           2003aa55 f g_missile.obj
 0001:00039db4       _G_ExplodeMissile          2003adb4 f g_missile.obj
 0001:00039ef8       _G_MissileImpact           2003aef8 f g_missile.obj
 0001:0003a73a       _G_RunMissile              2003b73a f g_missile.obj
 0001:0003af1c       _AutoSentry_BaseDeath      2003bf1c f g_missile.obj
 0001:0003af41       _AutoSentry_TurretDeath    2003bf41 f g_missile.obj
 0001:0003b00a       _AutoSentry_BaseDie        2003c00a f g_missile.obj
 0001:0003b01b       _AutoSentry_TurretDie      2003c01b f g_missile.obj
 0001:0003b02c       _AutoSentry_Touch          2003c02c f g_missile.obj
 0001:0003b031       _AutoSentryBase_Think      2003c031 f g_missile.obj
 0001:0003b174       _AutoSentryAimed           2003c174 f g_missile.obj
 0001:0003b296       _AutoSentry_Fire           2003c296 f g_missile.obj
 0001:0003b588       _AutoSentryAttack_Think    2003c588 f g_missile.obj
 0001:0003b8a4       _Find_Sentry               2003c8a4 f g_missile.obj
 0001:0003b908       _AutoSentryFindTarget      2003c908 f g_missile.obj
 0001:0003bc74       _AutoSentryTurret_Rotate   2003cc74 f g_missile.obj
 0001:0003bd91       _AutoSentryTurret_Think    2003cd91 f g_missile.obj
 0001:0003be97       _AutoSentryEnable_Think    2003ce97 f g_missile.obj
 0001:0003c224       _AutoSentryDeploy_Think    2003d224 f g_missile.obj
 0001:0003c2ac       _fire_autosentry           2003d2ac f g_missile.obj
 0001:0003c53a       _PersonalSentry_Exit       2003d53a f g_missile.obj
 0001:0003c669       _PersonalSentry_Fire       2003d669 f g_missile.obj
 0001:0003c8d4       _PersonalSentryAttack_Think 2003d8d4 f g_missile.obj
 0001:0003cc7c       _PersonalSentry_Think      2003dc7c f g_missile.obj
 0001:0003cf54       _G_AddPersonalSentry       2003df54 f g_missile.obj
 0001:0003d215       _ignore_entity             2003e215 f g_missile.obj
 0001:0003d304       _G_airfistThink            2003e304 f g_missile.obj
 0001:0003da53       _fire_airfist              2003ea53 f g_missile.obj
 0001:0003dd50       _NailTouch                 2003ed50 f g_missile.obj
 0001:0003ddc4       _NailDeath                 2003edc4 f g_missile.obj
 0001:0003ddf8       _fire_nailgun              2003edf8 f g_missile.obj
 0001:0003dfc0       _GravityTouch              2003efc0 f g_missile.obj
 0001:0003dffd       _GravityThink              2003effd f g_missile.obj
 0001:0003ea9b       _Release_Gravity           2003fa9b f g_missile.obj
 0001:0003ecc1       _fire_gravity              2003fcc1 f g_missile.obj
 0001:0003eec5       _BearTrapDeath             2003fec5 f g_missile.obj
 0001:0003ef33       _BearTrapKill              2003ff33 f g_missile.obj
 0001:0003ef44       _BearTrapFollow            2003ff44 f g_missile.obj
 0001:0003f2c3       _BearTrapTouch             200402c3 f g_missile.obj
 0001:0003f45c       _Beartrap_Think            2004045c f g_missile.obj
 0001:0003f52b       _fire_beartrap             2004052b f g_missile.obj
 0001:0003f90c       _fire_plasma               2004090c f g_missile.obj
 0001:0003facc       _fire_grenade              20040acc f g_missile.obj
 0001:0003fc95       _fire_bfg                  20040c95 f g_missile.obj
 0001:0003fe55       _fire_rocket               20040e55 f g_missile.obj
 0001:00040015       _DragonReturn              20041015 f g_missile.obj
 0001:00040403       _DragonTouch               20041403 f g_missile.obj
 0001:000405a7       _fire_grapple              200415a7 f g_missile.obj
 0001:000407d8       _fire_dragon_deploy        200417d8 f g_missile.obj
 0001:00040bde       _activate_dragon_deploy    20041bde f g_missile.obj
 0001:00040e70       _G_TestEntityPosition      20041e70 f g_mover.obj
 0001:00040f66       _G_CreateRotationMatrix    20041f66 f g_mover.obj
 0001:00040f98       _G_TransposeMatrix         20041f98 f g_mover.obj
 0001:00040ffa       _G_RotatePoint             20041ffa f g_mover.obj
 0001:0004108b       _G_TryPushingEntity        2004208b f g_mover.obj
 0001:00041681       _G_CheckProxMinePosition   20042681 f g_mover.obj
 0001:00041760       _G_TryPushingProxMine      20042760 f g_mover.obj
 0001:000418ff       _G_QPush                   200428ff f g_mover.obj
 0001:00041989       _G_MoverPush               20042989 f g_mover.obj
 0001:00041f76       _G_MoverTeam               20042f76 f g_mover.obj
 0001:00042182       _G_zombieMove              20043182 f g_mover.obj
 0001:0004228b       _G_RunMover                2004328b f g_mover.obj
 0001:000422e6       _SetMoverState             200432e6 f g_mover.obj
 0001:00042529       _MatchTeam                 20043529 f g_mover.obj
 0001:00042561       _ReturnToPos1              20043561 f g_mover.obj
 0001:000425b0       _Reached_BinaryMover       200435b0 f g_mover.obj
 0001:000426e5       _Use_BinaryMover           200436e5 f g_mover.obj
 0001:000428c7       _InitMover                 200438c7 f g_mover.obj
 0001:00042bed       _Blocked_Door              20043bed f g_mover.obj
 0001:00042d75       _Touch_DoorTrigger         20043d75 f g_mover.obj
 0001:00042f3b       _Think_SpawnNewDoorTrigger 20043f3b f g_mover.obj
 0001:00043141       _Think_MatchTeam           20044141 f g_mover.obj
 0001:00043162       _SP_func_door              20044162 f g_mover.obj
 0001:000434fc       _Touch_Plat                200444fc f g_mover.obj
 0001:00043542       _Touch_PlatCenterTrigger   20044542 f g_mover.obj
 0001:00043581       _SpawnPlatTrigger          20044581 f g_mover.obj
 0001:0004372e       _SP_func_plat              2004472e f g_mover.obj
 0001:00043926       _Touch_Button              20044926 f g_mover.obj
 0001:00043959       _SP_func_button            20044959 f g_mover.obj
 0001:00043b7f       _Think_BeginMoving         20044b7f f g_mover.obj
 0001:00043b9a       _Reached_Train             20044b9a f g_mover.obj
 0001:00043d75       _Think_SetupTrainTargets   20044d75 f g_mover.obj
 0001:00043eb5       _SP_path_corner            20044eb5 f g_mover.obj
 0001:00043eef       _SP_func_train             20044eef f g_mover.obj
 0001:00043ff4       _SP_func_static            20044ff4 f g_mover.obj
 0001:0004406c       _SP_func_rotating          2004506c f g_mover.obj
 0001:000441b4       _SP_func_bobbing           200451b4 f g_mover.obj
 0001:0004430b       _SP_func_pendulum          2004530b f g_mover.obj
 0001:00044497       _Touch_Zombie              20045497 f g_mover.obj
 0001:0004450b       _Zombie_Think              2004550b f g_mover.obj
 0001:00044553       _SP_func_zombie            20045553 f g_mover.obj
 0001:00044a70       _G_WriteClientSessionData  20045a70 f g_session.obj
 0001:00044b41       _G_ReadSessionData         20045b41 f g_session.obj
 0001:00044c2f       _G_InitSessionData         20045c2f f g_session.obj
 0001:00044d2d       _G_InitWorldSession        20045d2d f g_session.obj
 0001:00044d8d       _G_WriteSessionData        20045d8d f g_session.obj
 0001:00044e10       _G_SpawnString             20045e10 f g_spawn.obj
 0001:00044e83       _G_SpawnFloat              20045e83 f g_spawn.obj
 0001:00044eb8       _G_SpawnInt                20045eb8 f g_spawn.obj
 0001:00044eed       _G_SpawnVector             20045eed f g_spawn.obj
 0001:00044f34       _SP_item_botroam           20045f34 f g_spawn.obj
 0001:00044f39       _G_CallSpawn               20045f39 f g_spawn.obj
 0001:00045060       _G_NewString               20046060 f g_spawn.obj
 0001:00045118       _G_ParseField              20046118 f g_spawn.obj
 0001:0004527b       _G_SpawnGEntityFromSpawnVars 2004627b f g_spawn.obj
 0001:00045463       _G_AddSpawnVarToken        20046463 f g_spawn.obj
 0001:000454d8       _G_ParseSpawnVars          200464d8 f g_spawn.obj
 0001:00045620       _SP_worldspawn             20046620 f g_spawn.obj
 0001:00045815       _G_SpawnEntitiesFromString 20046815 f g_spawn.obj
 0001:00045870       _G_FilterPacket            20046870 f g_svcmds.obj
 0001:00045963       _G_ProcessIPBans           20046963 f g_svcmds.obj
 0001:00045d77       _Svcmd_AddIP_f             20046d77 f g_svcmds.obj
 0001:00045dc2       _Svcmd_RemoveIP_f          20046dc2 f g_svcmds.obj
 0001:00045eae       _Svcmd_EntityList_f        20046eae f g_svcmds.obj
 0001:000460a5       _ClientForString           200470a5 f g_svcmds.obj
 0001:000461aa       _Svcmd_ForceTeam_f         200471aa f g_svcmds.obj
 0001:00046232       _ConsoleCommand            20047232 f g_svcmds.obj
 0001:00046490       _dllEntry                  20047490 f g_syscalls.obj
 0001:0004649d       _PASSFLOAT                 2004749d f g_syscalls.obj
 0001:000464ae       _trap_Printf               200474ae f g_syscalls.obj
 0001:000464c2       _trap_Error                200474c2 f g_syscalls.obj
 0001:000464d6       _trap_Milliseconds         200474d6 f g_syscalls.obj
 0001:000464e6       _trap_Argc                 200474e6 f g_syscalls.obj
 0001:000464f6       _trap_Argv                 200474f6 f g_syscalls.obj
 0001:00046512       _trap_FS_FOpenFile         20047512 f g_syscalls.obj
 0001:0004652e       _trap_FS_Read              2004752e f g_syscalls.obj
 0001:0004654a       _trap_FS_Write             2004754a f g_syscalls.obj
 0001:00046566       _trap_FS_FCloseFile        20047566 f g_syscalls.obj
 0001:0004657a       _trap_FS_GetFileList       2004757a f g_syscalls.obj
 0001:0004659a       _trap_FS_Seek              2004759a f g_syscalls.obj
 0001:000465b6       _trap_SendConsoleCommand   200475b6 f g_syscalls.obj
 0001:000465ce       _trap_Cvar_Register        200475ce f g_syscalls.obj
 0001:000465ee       _trap_Cvar_Update          200475ee f g_syscalls.obj
 0001:00046602       _trap_Cvar_Set             20047602 f g_syscalls.obj
 0001:0004661a       _trap_Cvar_VariableIntegerValue 2004761a f g_syscalls.obj
 0001:0004662e       _trap_Cvar_VariableStringBuffer 2004762e f g_syscalls.obj
 0001:0004664a       _trap_LocateGameData       2004764a f g_syscalls.obj
 0001:0004666e       _trap_DropClient           2004766e f g_syscalls.obj
 0001:00046686       _trap_SendServerCommand    20047686 f g_syscalls.obj
 0001:0004669e       _trap_SetConfigstring      2004769e f g_syscalls.obj
 0001:000466b6       _trap_GetConfigstring      200476b6 f g_syscalls.obj
 0001:000466d2       _trap_GetUserinfo          200476d2 f g_syscalls.obj
 0001:000466ee       _trap_SetUserinfo          200476ee f g_syscalls.obj
 0001:00046706       _trap_GetServerinfo        20047706 f g_syscalls.obj
 0001:0004671e       _trap_SetBrushModel        2004771e f g_syscalls.obj
 0001:00046736       _trap_Trace                20047736 f g_syscalls.obj
 0001:00046762       _trap_TraceCapsule         20047762 f g_syscalls.obj
 0001:0004678e       _trap_PointContents        2004778e f g_syscalls.obj
 0001:000467a6       _trap_InPVS                200477a6 f g_syscalls.obj
 0001:000467be       _trap_InPVSIgnorePortals   200477be f g_syscalls.obj
 0001:000467d6       _trap_AdjustAreaPortalState 200477d6 f g_syscalls.obj
 0001:000467ee       _trap_AreasConnected       200477ee f g_syscalls.obj
 0001:00046806       _trap_LinkEntity           20047806 f g_syscalls.obj
 0001:0004681a       _trap_UnlinkEntity         2004781a f g_syscalls.obj
 0001:0004682e       _trap_EntitiesInBox        2004782e f g_syscalls.obj
 0001:0004684e       _trap_EntityContact        2004784e f g_syscalls.obj
 0001:0004686a       _trap_EntityContactCapsule 2004786a f g_syscalls.obj
 0001:00046886       _trap_BotAllocateClient    20047886 f g_syscalls.obj
 0001:00046896       _trap_BotFreeClient        20047896 f g_syscalls.obj
 0001:000468aa       _trap_GetUsercmd           200478aa f g_syscalls.obj
 0001:000468c2       _trap_GetEntityToken       200478c2 f g_syscalls.obj
 0001:000468da       _trap_DebugPolygonCreate   200478da f g_syscalls.obj
 0001:000468f6       _trap_DebugPolygonDelete   200478f6 f g_syscalls.obj
 0001:0004690a       _trap_RealTime             2004790a f g_syscalls.obj
 0001:0004691e       _trap_SnapVector           2004791e f g_syscalls.obj
 0001:00046932       _trap_BotLibSetup          20047932 f g_syscalls.obj
 0001:00046945       _trap_BotLibShutdown       20047945 f g_syscalls.obj
 0001:00046958       _trap_BotLibVarSet         20047958 f g_syscalls.obj
 0001:00046973       _trap_BotLibVarGet         20047973 f g_syscalls.obj
 0001:00046992       _trap_BotLibDefine         20047992 f g_syscalls.obj
 0001:000469a9       _trap_BotLibStartFrame     200479a9 f g_syscalls.obj
 0001:000469c9       _trap_BotLibLoadMap        200479c9 f g_syscalls.obj
 0001:000469e0       _trap_BotLibUpdateEntity   200479e0 f g_syscalls.obj
 0001:000469fb       _trap_BotLibTest           200479fb f g_syscalls.obj
 0001:00046a1e       _trap_BotGetSnapshotEntity 20047a1e f g_syscalls.obj
 0001:00046a39       _trap_BotGetServerCommand  20047a39 f g_syscalls.obj
 0001:00046a58       _trap_BotUserCommand       20047a58 f g_syscalls.obj
 0001:00046a73       _trap_AAS_EntityInfo       20047a73 f g_syscalls.obj
 0001:00046a8e       _trap_AAS_Initialized      20047a8e f g_syscalls.obj
 0001:00046aa1       _trap_AAS_PresenceTypeBoundingBox 20047aa1 f g_syscalls.obj
 0001:00046ac0       _trap_AAS_Time             20047ac0 f g_syscalls.obj
 0001:00046adc       _trap_AAS_PointAreaNum     20047adc f g_syscalls.obj
 0001:00046af3       _trap_AAS_PointReachabilityAreaIndex 20047af3 f g_syscalls.obj
 0001:00046b0a       _trap_AAS_TraceAreas       20047b0a f g_syscalls.obj
 0001:00046b31       _trap_AAS_BBoxAreas        20047b31 f g_syscalls.obj
 0001:00046b54       _trap_AAS_AreaInfo         20047b54 f g_syscalls.obj
 0001:00046b6f       _trap_AAS_PointContents    20047b6f f g_syscalls.obj
 0001:00046b86       _trap_AAS_NextBSPEntity    20047b86 f g_syscalls.obj
 0001:00046b9d       _trap_AAS_ValueForBSPEpairKey 20047b9d f g_syscalls.obj
 0001:00046bc0       _trap_AAS_VectorForBSPEpairKey 20047bc0 f g_syscalls.obj
 0001:00046bdf       _trap_AAS_FloatForBSPEpairKey 20047bdf f g_syscalls.obj
 0001:00046bfe       _trap_AAS_IntForBSPEpairKey 20047bfe f g_syscalls.obj
 0001:00046c1d       _trap_AAS_AreaReachability 20047c1d f g_syscalls.obj
 0001:00046c34       _trap_AAS_AreaTravelTimeToGoalArea 20047c34 f g_syscalls.obj
 0001:00046c57       _trap_AAS_EnableRoutingArea 20047c57 f g_syscalls.obj
 0001:00046c72       _trap_AAS_PredictRoute     20047c72 f g_syscalls.obj
 0001:00046cb1       _trap_AAS_AlternativeRouteGoals 20047cb1 f g_syscalls.obj
 0001:00046ce4       _trap_AAS_Swimming         20047ce4 f g_syscalls.obj
 0001:00046cfb       _trap_AAS_PredictClientMovement 20047cfb f g_syscalls.obj
 0001:00046d4b       _trap_EA_Say               20047d4b f g_syscalls.obj
 0001:00046d66       _trap_EA_SayTeam           20047d66 f g_syscalls.obj
 0001:00046d81       _trap_EA_Command           20047d81 f g_syscalls.obj
 0001:00046d9c       _trap_EA_Action            20047d9c f g_syscalls.obj
 0001:00046db7       _trap_EA_Gesture           20047db7 f g_syscalls.obj
 0001:00046dce       _trap_EA_Talk              20047dce f g_syscalls.obj
 0001:00046de5       _trap_EA_Attack            20047de5 f g_syscalls.obj
 0001:00046dfc       _trap_EA_Use               20047dfc f g_syscalls.obj
 0001:00046e13       _trap_EA_Respawn           20047e13 f g_syscalls.obj
 0001:00046e2a       _trap_EA_Crouch            20047e2a f g_syscalls.obj
 0001:00046e41       _trap_EA_MoveUp            20047e41 f g_syscalls.obj
 0001:00046e58       _trap_EA_MoveDown          20047e58 f g_syscalls.obj
 0001:00046e6f       _trap_EA_MoveForward       20047e6f f g_syscalls.obj
 0001:00046e86       _trap_EA_MoveBack          20047e86 f g_syscalls.obj
 0001:00046e9d       _trap_EA_MoveLeft          20047e9d f g_syscalls.obj
 0001:00046eb4       _trap_EA_MoveRight         20047eb4 f g_syscalls.obj
 0001:00046ecb       _trap_EA_SelectWeapon      20047ecb f g_syscalls.obj
 0001:00046ee6       _trap_EA_Jump              20047ee6 f g_syscalls.obj
 0001:00046efd       _trap_EA_DelayedJump       20047efd f g_syscalls.obj
 0001:00046f14       _trap_EA_Move              20047f14 f g_syscalls.obj
 0001:00046f3c       _trap_EA_View              20047f3c f g_syscalls.obj
 0001:00046f57       _trap_EA_EndRegular        20047f57 f g_syscalls.obj
 0001:00046f7b       _trap_EA_GetInput          20047f7b f g_syscalls.obj
 0001:00046fa3       _trap_EA_ResetInput        20047fa3 f g_syscalls.obj
 0001:00046fba       _trap_BotLoadCharacter     20047fba f g_syscalls.obj
 0001:00046fde       _trap_BotFreeCharacter     20047fde f g_syscalls.obj
 0001:00046ff5       _trap_Characteristic_Float 20047ff5 f g_syscalls.obj
 0001:00047019       _trap_Characteristic_BFloat 20048019 f g_syscalls.obj
 0001:00047057       _trap_Characteristic_Integer 20048057 f g_syscalls.obj
 0001:00047072       _trap_Characteristic_BInteger 20048072 f g_syscalls.obj
 0001:00047095       _trap_Characteristic_String 20048095 f g_syscalls.obj
 0001:000470b8       _trap_BotAllocChatState    200480b8 f g_syscalls.obj
 0001:000470cb       _trap_BotFreeChatState     200480cb f g_syscalls.obj
 0001:000470e2       _trap_BotQueueConsoleMessage 200480e2 f g_syscalls.obj
 0001:00047101       _trap_BotRemoveConsoleMessage 20048101 f g_syscalls.obj
 0001:0004711c       _trap_BotNextConsoleMessage 2004811c f g_syscalls.obj
 0001:00047137       _trap_BotNumConsoleMessages 20048137 f g_syscalls.obj
 0001:0004714e       _trap_BotInitialChat       2004814e f g_syscalls.obj
 0001:0004718d       _trap_BotNumInitialChats   2004818d f g_syscalls.obj
 0001:000471a8       _trap_BotReplyChat         200481a8 f g_syscalls.obj
 0001:000471eb       _trap_BotChatLength        200481eb f g_syscalls.obj
 0001:00047202       _trap_BotEnterChat         20048202 f g_syscalls.obj
 0001:00047221       _trap_BotGetChatMessage    20048221 f g_syscalls.obj
 0001:00047240       _trap_StringContains       20048240 f g_syscalls.obj
 0001:0004725f       _trap_BotFindMatch         2004825f f g_syscalls.obj
 0001:0004727e       _trap_BotMatchVariable     2004827e f g_syscalls.obj
 0001:000472a1       _trap_UnifyWhiteSpaces     200482a1 f g_syscalls.obj
 0001:000472b8       _trap_BotReplaceSynonyms   200482b8 f g_syscalls.obj
 0001:000472d3       _trap_BotLoadChatFile      200482d3 f g_syscalls.obj
 0001:000472f2       _trap_BotSetChatGender     200482f2 f g_syscalls.obj
 0001:0004730d       _trap_BotSetChatName       2004830d f g_syscalls.obj
 0001:0004732c       _trap_BotResetGoalState    2004832c f g_syscalls.obj
 0001:00047343       _trap_BotResetAvoidGoals   20048343 f g_syscalls.obj
 0001:0004735a       _trap_BotRemoveFromAvoidGoals 2004835a f g_syscalls.obj
 0001:00047375       _trap_BotPushGoal          20048375 f g_syscalls.obj
 0001:00047390       _trap_BotPopGoal           20048390 f g_syscalls.obj
 0001:000473a7       _trap_BotEmptyGoalStack    200483a7 f g_syscalls.obj
 0001:000473be       _trap_BotDumpAvoidGoals    200483be f g_syscalls.obj
 0001:000473d5       _trap_BotDumpGoalStack     200483d5 f g_syscalls.obj
 0001:000473ec       _trap_BotGoalName          200483ec f g_syscalls.obj
 0001:0004740b       _trap_BotGetTopGoal        2004840b f g_syscalls.obj
 0001:00047426       _trap_BotGetSecondGoal     20048426 f g_syscalls.obj
 0001:00047441       _trap_BotChooseLTGItem     20048441 f g_syscalls.obj
 0001:00047464       _trap_BotChooseNBGItem     20048464 f g_syscalls.obj
 0001:00047498       _trap_BotTouchingGoal      20048498 f g_syscalls.obj
 0001:000474b3       _trap_BotItemGoalInVisButNotVisible 200484b3 f g_syscalls.obj
 0001:000474d6       _trap_BotGetLevelItemGoal  200484d6 f g_syscalls.obj
 0001:000474f5       _trap_BotGetNextCampSpotGoal 200484f5 f g_syscalls.obj
 0001:00047510       _trap_BotGetMapLocationGoal 20048510 f g_syscalls.obj
 0001:0004752b       _trap_BotAvoidGoalTime     2004852b f g_syscalls.obj
 0001:0004754f       _trap_BotSetAvoidGoalTime  2004854f f g_syscalls.obj
 0001:00047577       _trap_BotInitLevelItems    20048577 f g_syscalls.obj
 0001:0004758a       _trap_BotUpdateEntityItems 2004858a f g_syscalls.obj
 0001:0004759d       _trap_BotLoadItemWeights   2004859d f g_syscalls.obj
 0001:000475b8       _trap_BotFreeItemWeights   200485b8 f g_syscalls.obj
 0001:000475cf       _trap_BotInterbreedGoalFuzzyLogic 200485cf f g_syscalls.obj
 0001:000475ee       _trap_BotSaveGoalFuzzyLogic 200485ee f g_syscalls.obj
 0001:00047609       _trap_BotMutateGoalFuzzyLogic 20048609 f g_syscalls.obj
 0001:00047629       _trap_BotAllocGoalState    20048629 f g_syscalls.obj
 0001:00047640       _trap_BotFreeGoalState     20048640 f g_syscalls.obj
 0001:00047657       _trap_BotResetMoveState    20048657 f g_syscalls.obj
 0001:0004766e       _trap_BotAddAvoidSpot      2004866e f g_syscalls.obj
 0001:0004769a       _trap_BotMoveToGoal        2004869a f g_syscalls.obj
 0001:000476bd       _trap_BotMoveInDirection   200486bd f g_syscalls.obj
 0001:000476e9       _trap_BotResetAvoidReach   200486e9 f g_syscalls.obj
 0001:00047700       _trap_BotResetLastAvoidReach 20048700 f g_syscalls.obj
 0001:00047717       _trap_BotReachabilityArea  20048717 f g_syscalls.obj
 0001:00047732       _trap_BotMovementViewTarget 20048732 f g_syscalls.obj
 0001:00047762       _trap_BotPredictVisiblePosition 20048762 f g_syscalls.obj
 0001:00047789       _trap_BotAllocMoveState    20048789 f g_syscalls.obj
 0001:0004779c       _trap_BotFreeMoveState     2004879c f g_syscalls.obj
 0001:000477b3       _trap_BotInitMoveState     200487b3 f g_syscalls.obj
 0001:000477ce       _trap_BotChooseBestFightWeapon 200487ce f g_syscalls.obj
 0001:000477e9       _trap_BotGetWeaponInfo     200487e9 f g_syscalls.obj
 0001:00047808       _trap_BotLoadWeaponWeights 20048808 f g_syscalls.obj
 0001:00047823       _trap_BotAllocWeaponState  20048823 f g_syscalls.obj
 0001:00047836       _trap_BotFreeWeaponState   20048836 f g_syscalls.obj
 0001:0004784d       _trap_BotResetWeaponState  2004884d f g_syscalls.obj
 0001:00047864       _trap_GeneticParentsAndChildSelection 20048864 f g_syscalls.obj
 0001:0004788b       _trap_PC_LoadSource        2004888b f g_syscalls.obj
 0001:000478a2       _trap_PC_FreeSource        200488a2 f g_syscalls.obj
 0001:000478b9       _trap_PC_ReadToken         200488b9 f g_syscalls.obj
 0001:000478d4       _trap_PC_SourceFileAndLine 200488d4 f g_syscalls.obj
 0001:00047900       _Use_Target_Remove         20048900 f g_target.obj
 0001:000479a1       _SP_target_remove          200489a1 f g_target.obj
 0001:000479b3       _Use_Target_Give           200489b3 f g_target.obj
 0001:00047a54       _SP_target_give            20048a54 f g_target.obj
 0001:00047a66       _Use_target_remove_powerups 20048a66 f g_target.obj
 0001:00047aed       _SP_target_remove_powerups 20048aed f g_target.obj
 0001:00047aff       _Think_Target_Delay        20048aff f g_target.obj
 0001:00047b1a       _Use_Target_Delay          20048b1a f g_target.obj
 0001:00047b9d       _SP_target_delay           20048b9d f g_target.obj
 0001:00047c0d       _Use_Target_Score          20048c0d f g_target.obj
 0001:00047c32       _SP_target_score           20048c32 f g_target.obj
 0001:00047c5d       _Use_Target_Print          20048c5d f g_target.obj
 0001:00047d4c       _SP_target_print           20048d4c f g_target.obj
 0001:00047dbb       _Use_Target_Speaker        20048dbb f g_target.obj
 0001:00047e6b       _SP_target_speaker         20048e6b f g_target.obj
 0001:00048032       _target_laser_think        20049032 f g_target.obj
 0001:0004824e       _target_laser_on           2004924e f g_target.obj
 0001:00048277       _target_laser_off          20049277 f g_target.obj
 0001:00048295       _target_laser_use          20049295 f g_target.obj
 0001:000482cc       _target_laser_start        200492cc f g_target.obj
 0001:000483c1       _SP_target_laser           200493c1 f g_target.obj
 0001:000483e5       _target_teleporter_use     200493e5 f g_target.obj
 0001:0004843f       _SP_target_teleporter      2004943f f g_target.obj
 0001:00048484       _target_relay_use          20049484 f g_target.obj
 0001:00048550       _SP_target_relay           20049550 f g_target.obj
 0001:00048562       _target_kill_use           20049562 f g_target.obj
 0001:00048584       _SP_target_kill            20049584 f g_target.obj
 0001:00048596       _SP_target_position        20049596 f g_target.obj
 0001:000485ae       _SP_target_location        200495ae f g_target.obj
 0001:000486e0       _Team_InitGame             200496e0 f g_team.obj
 0001:00048737       _OtherTeam                 20049737 f g_team.obj
 0001:00048759       _TeamName                  20049759 f g_team.obj
 0001:0004878a       _OtherTeamName             2004978a f g_team.obj
 0001:000487bb       _TeamColorString           200497bb f g_team.obj
 0001:000487ec       _PrintMsg                  200497ec f g_team.obj
 0001:0004889f       _AddTeamScore              2004989f f g_team.obj
 0001:000489a0       _OnSameTeam                200499a0 f g_team.obj
 0001:000489f7       _Team_SetFlagStatus        200499f7 f g_team.obj
 0001:00048ac8       _Team_CheckDroppedItem     20049ac8 f g_team.obj
 0001:00048b22       _Team_ForceGesture         20049b22 f g_team.obj
 0001:00048b9f       _Team_FragBonuses          20049b9f f g_team.obj
 0001:00049570       _Team_CheckHurtCarrier     2004a570 f g_team.obj
 0001:000495ff       _Team_ResetFlag            2004a5ff f g_team.obj
 0001:000496b4       _Team_ResetFlags           2004a6b4 f g_team.obj
 0001:000496d6       _Team_ReturnFlagSound      2004a6d6 f g_team.obj
 0001:0004973e       _Team_TakeFlagSound        2004a73e f g_team.obj
 0001:00049817       _Team_CaptureFlagSound     2004a817 f g_team.obj
 0001:0004987f       _Team_ReturnFlag           2004a87f f g_team.obj
 0001:000498d0       _Team_FreeEntity           2004a8d0 f g_team.obj
 0001:00049924       _Team_DroppedFlagThink     2004a924 f g_team.obj
 0001:00049992       _Team_TouchOurFlag         2004a992 f g_team.obj
 0001:00049e60       _Team_TouchEnemyFlag       2004ae60 f g_team.obj
 0001:00049f0a       _Pickup_Team               2004af0a f g_team.obj
 0001:00049fb5       _Team_GetLocation          2004afb5 f g_team.obj
 0001:0004a0a4       _Team_GetLocationMsg       2004b0a4 f g_team.obj
 0001:0004a15a       _SelectRandomTeamSpawnPoint 2004b15a f g_team.obj
 0001:0004a248       _SelectCTFSpawnPoint       2004b248 f g_team.obj
 0001:0004a2df       _TeamplayInfoMessage       2004b2df f g_team.obj
 0001:0004a5d8       _CheckTeamStatus           2004b5d8 f g_team.obj
 0001:0004a742       _SP_team_CTF_redplayer     2004b742 f g_team.obj
 0001:0004a747       _SP_team_CTF_blueplayer    2004b747 f g_team.obj
 0001:0004a74c       _SP_team_CTF_redspawn      2004b74c f g_team.obj
 0001:0004a751       _SP_team_CTF_bluespawn     2004b751 f g_team.obj
 0001:0004a760       _InitTrigger               2004b760 f g_trigger.obj
 0001:0004a7c6       _multi_wait                2004b7c6 f g_trigger.obj
 0001:0004a7d8       _multi_trigger             2004b7d8 f g_trigger.obj
 0001:0004a964       _Use_Multi                 2004b964 f g_trigger.obj
 0001:0004a979       _Touch_Multi               2004b979 f g_trigger.obj
 0001:0004a99c       _SP_trigger_multiple       2004b99c f g_trigger.obj
 0001:0004aa68       _trigger_always_think      2004ba68 f g_trigger.obj
 0001:0004aa89       _SP_trigger_always         2004ba89 f g_trigger.obj
 0001:0004aaae       _trigger_push_touch        2004baae f g_trigger.obj
 0001:0004aad7       _AimAtTarget               2004bad7 f g_trigger.obj
 0001:0004ac4a       _SP_trigger_push           2004bc4a f g_trigger.obj
 0001:0004ace9       _Use_target_push           2004bce9 f g_trigger.obj
 0001:0004ad9b       _SP_target_push            2004bd9b f g_trigger.obj
 0001:0004aee8       _trigger_teleporter_touch  2004bee8 f g_trigger.obj
 0001:0004af77       _SP_trigger_teleport       2004bf77 f g_trigger.obj
 0001:0004aff4       _postvote_music_think      2004bff4 f g_trigger.obj
 0001:0004b059       _spawn_postvote_music      2004c059 f g_trigger.obj
 0001:0004b0ae       _trigger_hubvote_touch     2004c0ae f g_trigger.obj
 0001:0004b18e       _SP_trigger_hubvote        2004c18e f g_trigger.obj
 0001:0004b4e1       _trigger_hubalternates_touch 2004c4e1 f g_trigger.obj
 0001:0004b55b       _SP_trigger_hubalternates  2004c55b f g_trigger.obj
 0001:0004b5d8       _Svcmd_hubaltvoting_f      2004c5d8 f g_trigger.obj
 0001:0004ba6f       _hurt_use                  2004ca6f f g_trigger.obj
 0001:0004ba9a       _hurt_touch                2004ca9a f g_trigger.obj
 0001:0004bb72       _SP_trigger_hurt           2004cb72 f g_trigger.obj
 0001:0004bc05       _func_timer_think          2004cc05 f g_trigger.obj
 0001:0004bc7f       _func_timer_use            2004cc7f f g_trigger.obj
 0001:0004bcb7       _SP_func_timer             2004ccb7 f g_trigger.obj
 0001:0004bd96       _func_lightning_fx_think   2004cd96 f g_trigger.obj
 0001:0004bfc0       _SP_func_lightning_fx      2004cfc0 f g_trigger.obj
 0001:0004c1bc       _Use_Gravity               2004d1bc f g_trigger.obj
 0001:0004c20d       _Touch_Gravity             2004d20d f g_trigger.obj
 0001:0004c26c       _SP_func_local_gravity     2004d26c f g_trigger.obj
 0001:0004c330       _AddRemap                  2004d330 f g_utils.obj
 0001:0004c412       _BuildShaderStateConfig    2004d412 f g_utils.obj
 0001:0004c4d5       _G_FindConfigstringIndex   2004d4d5 f g_utils.obj
 0001:0004c5a9       _G_ModelIndex              2004d5a9 f g_utils.obj
 0001:0004c5c3       _G_SoundIndex              2004d5c3 f g_utils.obj
 0001:0004c5e0       _G_TeamCommand             2004d5e0 f g_utils.obj
 0001:0004c658       _G_Find                    2004d658 f g_utils.obj
 0001:0004c6dd       _G_PickTarget              2004d6dd f g_utils.obj
 0001:0004c79b       _G_UseTargets              2004d79b f g_utils.obj
 0001:0004c89b       _tv                        2004d89b f g_utils.obj
 0001:0004c8e2       _vtos                      2004d8e2 f g_utils.obj
 0001:0004c945       _G_SetMovedir              2004d945 f g_utils.obj
 0001:0004ca2e       _vectoyaw                  2004da2e f g_utils.obj
 0001:0004caeb       _G_InitGentity             2004daeb f g_utils.obj
 0001:0004cb2c       _G_Spawn                   2004db2c f g_utils.obj
 0001:0004cc90       _G_EntitiesFree            2004dc90 f g_utils.obj
 0001:0004cce1       _G_FreeEntity              2004dce1 f g_utils.obj
 0001:0004cd3c       _G_TempEntity              2004dd3c f g_utils.obj
 0001:0004cdef       _G_KillBox                 2004ddef f g_utils.obj
 0001:0004cf2a       _G_AddPredictableEvent     2004df2a f g_utils.obj
 0001:0004cf57       _G_AddEvent                2004df57 f g_utils.obj
 0001:0004d039       _G_Sound                   2004e039 f g_utils.obj
 0001:0004d063       _G_SetOrigin               2004e063 f g_utils.obj
 0001:0004d0f3       _DebugLine                 2004e0f3 f g_utils.obj
 0001:0004d350       _CalcMuzzlePoint           2004e350 f g_weapon.obj
 0001:0004d420       _CalcMuzzlePointOrigin     2004e420 f g_weapon.obj
 0001:0004d4f0       _G_BounceProjectile        2004e4f0 f g_weapon.obj
 0001:0004d5cf       _Weapon_Gauntlet           2004e5cf f g_weapon.obj
 0001:0004d5d4       _CheckGauntletAttack       2004e5d4 f g_weapon.obj
 0001:0004d78f       _Weapon_fire_gravity       2004e78f f g_weapon.obj
 0001:0004d7db       _Weapon_fire_autosentry    2004e7db f g_weapon.obj
 0001:0004d806       _Weapon_fire_beartrap      2004e806 f g_weapon.obj
 0001:0004d833       _Weapon_fire_airfist       2004e833 f g_weapon.obj
 0001:0004da78       _Weapon_fire_nailgun       2004ea78 f g_weapon.obj
 0001:0004dad3       _SnapVectorTowards         2004ead3 f g_weapon.obj
 0001:0004db51       _Bullet_Fire               2004eb51 f g_weapon.obj
 0001:0004de3d       _shooter_bullet_fire       2004ee3d f g_weapon.obj
 0001:0004de8a       _BFG_Fire                  2004ee8a f g_weapon.obj
 0001:0004dee5       _ShotgunPellet             2004eee5 f g_weapon.obj
 0001:0004e028       _ShotgunPattern            2004f028 f g_weapon.obj
 0001:0004e1fb       _weapon_supershotgun_fire  2004f1fb f g_weapon.obj
 0001:0004e2e4       _shooter_supershotgun_fire 2004f2e4 f g_weapon.obj
 0001:0004e3cb       _weapon_grenadelauncher_fire 2004f3cb f g_weapon.obj
 0001:0004e447       _Weapon_RocketLauncher_Fire 2004f447 f g_weapon.obj
 0001:0004e4a2       _Weapon_Plasmagun_Fire     2004f4a2 f g_weapon.obj
 0001:0004e4fd       _weapon_railgun_fire       2004f4fd f g_weapon.obj
 0001:0004eb9c       _shooter_railgun_fire      2004fb9c f g_weapon.obj
 0001:0004ebec       _Weapon_GrapplingHook_Fire 2004fbec f g_weapon.obj
 0001:0004ec68       _Weapon_HookFree           2004fc68 f g_weapon.obj
 0001:0004ecf0       _Weapon_HookThink          2004fcf0 f g_weapon.obj
 0001:0004ee47       _G_LightningDischargeDamage 2004fe47 f g_weapon.obj
 0001:0004f016       _Find_ChainLightningTarget 20050016 f g_weapon.obj
 0001:0004f2b5       _ChainLightningThink       200502b5 f g_weapon.obj
 0001:0004f8a0       _ChainLightningStrike      200508a0 f g_weapon.obj
 0001:0004fa9c       _Weapon_LightningFire      20050a9c f g_weapon.obj
 0001:0004ff4c       _shooter_Lightning_fire    20050f4c f g_weapon.obj
 0001:0005005f       _Exploding_ShellsPellet    2005105f f g_weapon.obj
 0001:000501b4       _Exploding_ShellsPattern   200511b4 f g_weapon.obj
 0001:00050327       _weapon_exploding_shells_fire 20051327 f g_weapon.obj
 0001:00050415       _TootThink                 20051415 f g_weapon.obj
 0001:000507c8       _weapon_beans_eat          200517c8 f g_weapon.obj
 0001:00050969       _LogAccuracyHit            20051969 f g_weapon.obj
 0001:000509dd       _FireWeapon                200519dd f g_weapon.obj
 0001:00050c60       _Q_rand                    20051c60 f q_math.obj
 0001:00050c7d       _Q_random                  20051c7d f q_math.obj
 0001:00050ca2       _Q_crandom                 20051ca2 f q_math.obj
 0001:00050cc5       _ClampChar                 20051cc5 f q_math.obj
 0001:00050ce1       _ClampShort                20051ce1 f q_math.obj
 0001:00050d08       _DirToByte                 20051d08 f q_math.obj
 0001:00050d9f       _ByteToDir                 20051d9f f q_math.obj
 0001:00050e0c       _ColorBytes3               20051e0c f q_math.obj
 0001:00050e4a       _ColorBytes4               20051e4a f q_math.obj
 0001:00050e99       _NormalizeColor            20051e99 f q_math.obj
 0001:00050f38       _PlaneFromPoints           20051f38 f q_math.obj
 0001:0005105a       _RotatePointAroundVector   2005205a f q_math.obj
 0001:00051258       _RotateAroundDirection     20052258 f q_math.obj
 0001:000512d5       _vectoangles               200522d5 f q_math.obj
 0001:0005143c       _AnglesToAxis              2005243c f q_math.obj
 0001:0005148e       _AxisClear                 2005248e f q_math.obj
 0001:000514ec       _AxisCopy                  200524ec f q_math.obj
 0001:0005155b       _ProjectPointOnPlane       2005255b f q_math.obj
 0001:0005164d       _MakeNormalVectors         2005264d f q_math.obj
 0001:00051703       _VectorRotate              20052703 f q_math.obj
 0001:0005178d       _Q_rsqrt                   2005278d f q_math.obj
 0001:000517dd       _Q_fabs                    200527dd f q_math.obj
 0001:000517fa       _LerpAngle                 200527fa f q_math.obj
 0001:0005184f       _AngleSubtract             2005284f f q_math.obj
 0001:0005189f       _AnglesSubtract            2005289f f q_math.obj
 0001:000518f5       _AngleMod                  200528f5 f q_math.obj
 0001:0005191f       _AngleNormalize360         2005291f f q_math.obj
 0001:0005194b       _AngleNormalize180         2005294b f q_math.obj
 0001:0005197b       _AngleDelta                2005297b f q_math.obj
 0001:00051992       _SetPlaneSignbits          20052992 f q_math.obj
 0001:000519ee       _BoxOnPlaneSide            200529ee f q_math.obj
 0001:00051c25       _RadiusFromBounds          20052c25 f q_math.obj
 0001:00051ced       _ClearBounds               20052ced f q_math.obj
 0001:00051d2c       _AddPointToBounds          20052d2c f q_math.obj
 0001:00051de3       _VectorNormalize           20052de3 f q_math.obj
 0001:00051e6e       _VectorNormalize2          20052e6e f q_math.obj
 0001:00051f18       __VectorMA                 20052f18 f q_math.obj
 0001:00051f59       __DotProduct               20052f59 f q_math.obj
 0001:00051f84       __VectorSubtract           20052f84 f q_math.obj
 0001:00051fbc       __VectorAdd                20052fbc f q_math.obj
 0001:00051ff4       __VectorCopy               20052ff4 f q_math.obj
 0001:0005201b       __VectorScale              2005301b f q_math.obj
 0001:0005204b       _Vector4Scale              2005304b f q_math.obj
 0001:0005208a       _Q_log2                    2005308a f q_math.obj
 0001:000520b5       _MatrixMultiply            200530b5 f q_math.obj
 0001:00052251       _AngleVectors              20053251 f q_math.obj
 0001:0005242d       _AngleVectorsForward       2005342d f q_math.obj
 0001:000524d3       _PerpendicularVector       200534d3 f q_math.obj
 0001:00052590       _Com_Clamp                 20053590 f q_shared.obj
 0001:000525bc       _COM_SkipPath              200535bc f q_shared.obj
 0001:000525f6       _COM_StripExtension        200535f6 f q_shared.obj
 0001:00052634       _COM_DefaultExtension      20053634 f q_shared.obj
 0001:000526ae       _ShortSwap                 200536ae f q_shared.obj
 0001:000526ea       _ShortNoSwap               200536ea f q_shared.obj
 0001:000526f3       _LongSwap                  200536f3 f q_shared.obj
 0001:00052766       _LongNoSwap                20053766 f q_shared.obj
 0001:0005276e       _Long64Swap                2005376e f q_shared.obj
 0001:000527ae       _Long64NoSwap              200537ae f q_shared.obj
 0001:000527b9       _FloatSwap                 200537b9 f q_shared.obj
 0001:000527dd       _FloatNoSwap               200537dd f q_shared.obj
 0001:000527e7       _COM_BeginParseSession     200537e7 f q_shared.obj
 0001:00052811       _COM_GetCurrentParseLine   20053811 f q_shared.obj
 0001:0005281b       _COM_Parse                 2005381b f q_shared.obj
 0001:0005282e       _COM_ParseError            2005382e f q_shared.obj
 0001:00052875       _COM_ParseWarning          20053875 f q_shared.obj
 0001:000528bc       _COM_Compress              200538bc f q_shared.obj
 0001:00052ab6       _COM_ParseExt              20053ab6 f q_shared.obj
 0001:00052d2e       _COM_MatchToken            20053d2e f q_shared.obj
 0001:00052d70       _SkipBracedSection         20053d70 f q_shared.obj
 0001:00052dd5       _SkipRestOfLine            20053dd5 f q_shared.obj
 0001:00052e1f       _Parse1DMatrix             20053e1f f q_shared.obj
 0001:00052e8b       _Parse2DMatrix             20053e8b f q_shared.obj
 0001:00052eef       _Parse3DMatrix             20053eef f q_shared.obj
 0001:00052f5b       _Q_isprint                 20053f5b f q_shared.obj
 0001:00052f75       _Q_islower                 20053f75 f q_shared.obj
 0001:00052f8f       _Q_isupper                 20053f8f f q_shared.obj
 0001:00052fa9       _Q_isalpha                 20053fa9 f q_shared.obj
 0001:00052fcf       _Q_strrchr                 20053fcf f q_shared.obj
 0001:00053026       _Q_strncpyz                20054026 f q_shared.obj
 0001:0005308b       _Q_stricmpn                2005408b f q_shared.obj
 0001:00053154       _Q_strncmp                 20054154 f q_shared.obj
 0001:000531bc       _Q_stricmp                 200541bc f q_shared.obj
 0001:000531f4       _Q_strlwr                  200541f4 f q_shared.obj
 0001:0005322e       _Q_strupr                  2005422e f q_shared.obj
 0001:00053268       _Q_strcat                  20054268 f q_shared.obj
 0001:000532b0       _Q_PrintStrlen             200542b0 f q_shared.obj
 0001:00053325       _Q_CleanStr                20054325 f q_shared.obj
 0001:000533ae       _Com_sprintf               200543ae f q_shared.obj
 0001:0005344e       _va                        2005444e f q_shared.obj
 0001:000534a1       _Info_ValueForKey          200544a1 f q_shared.obj
 0001:0005361b       _Info_NextPair             2005461b f q_shared.obj
 0001:000536ec       _Info_RemoveKey            200546ec f q_shared.obj
 0001:00053855       _Info_RemoveKey_Big        20054855 f q_shared.obj
 0001:000539c2       _Info_Validate             200549c2 f q_shared.obj
 0001:000539f8       _Info_SetValueForKey       200549f8 f q_shared.obj
 0001:00053b70       _Info_SetValueForKey_Big   20054b70 f q_shared.obj
 0001:00053ce0       _atol                      20054ce0 f LIBCMTD:atox.obj
 0001:00053de0       _atoi                      20054de0 f LIBCMTD:atox.obj
 0001:00053e00       __atoi64                   20054e00 f LIBCMTD:atox.obj
 0001:00053f30       _strlen                    20054f30 f LIBCMTD:strlen.obj
 0001:00053fb0       _srand                     20054fb0 f LIBCMTD:rand.obj
 0001:00053fc0       _rand                      20054fc0 f LIBCMTD:rand.obj
 0001:00054000       __fpmath                   20055000 f LIBCMTD:fpinit.obj
 0001:00054030       __fpclear                  20055030 f LIBCMTD:fpinit.obj
 0001:00054040       __cfltcvt_init             20055040 f LIBCMTD:fpinit.obj
 0001:00054090       ___setfflag                20055090 f LIBCMTD:fpinit.obj
 0001:000540ac       __ftol                     200550ac f LIBCMTD:ftol.obj
 0001:000540e0       _strcpy                    200550e0 f LIBCMTD:strcat.obj
 0001:000540f0       _strcat                    200550f0 f LIBCMTD:strcat.obj
 0001:000541d0       _strncpy                   200551d0 f LIBCMTD:strncpy.obj
 0001:000542d0       _memcpy                    200552d0 f LIBCMTD:memcpy.obj
 0001:00054610       _atof                      20055610 f LIBCMTD:atof.obj
 0001:00054690       _strcmp                    20055690 f LIBCMTD:strcmp.obj
 0001:00054720       _sscanf                    20055720 f LIBCMTD:sscanf.obj
 0001:000547e0       __CIsqrt                   200557e0 f LIBCMTD:sqrt.obj
 0001:000547f4       _sqrt                      200557f4   LIBCMTD:sqrt.obj
 0001:000548a0       _memset                    200558a0 f LIBCMTD:memset.obj
 0001:00054900       __toupper                  20055900 f LIBCMTD:toupper.obj
 0001:00054910       _toupper                   20055910 f LIBCMTD:toupper.obj
 0001:000549b0       __toupper_lk               200559b0 f LIBCMTD:toupper.obj
 0001:00054ae0       _memmove                   20055ae0 f LIBCMTD:memmove.obj
 0001:00054e20       _strstr                    20055e20 f LIBCMTD:strstr.obj
 0001:00054ea0       _fabs                      20055ea0 f LIBCMTD:fabs.obj
 0001:00054fa0       _vsprintf                  20055fa0 f LIBCMTD:vsprintf.obj
 0001:000550a0       _abs                       200560a0 f LIBCMTD:abs.obj
 0001:000550e0       _strchr                    200560e0 f LIBCMTD:strchr.obj
 0001:000550e6       ___from_strstr_to_strchr   200560e6   LIBCMTD:strchr.obj
[...]
FIXUPS: 11e6 20 3c 6f f 18 9 6841 1c f 24 1c f 95 4b c 35 c 13 1d 2c 71
FIXUPS: 7dae 18 18 18 18 18 18 18 18 18 18 18 18 19 19 18 1d fffff6df 21
FIXUPS: 764a 16 35 f 33 2f f 33 1b 28 19 d2 1c 1b 3b 6e 18 13 16 23 1a
FIXUPS: 79e7 23 f 1b 16 57 c 31 27 fffff4f2 1a 15 15 15 15 15 15 1a f 21
FIXUPS: 7124 15 4b 1b 13 4e 40 31 4f 12a 18 13 16 23 48 5a 2d 56 52 20
FIXUPS: 7605 fffff5e5 14 15 33 1b 26 f 2a 15 20 2c f 17 2a 13 34 1e 18
FIXUPS: 6e06 43 18 13 16 23 56 1a 23 1a 23 1a 23 1a fffff789 f 2f 21 1f
FIXUPS: 67f2 1b 1f 19 70 49 41 21 1b 15 16 23 1f 1d 8e 18 13 16 23 f 49
FIXUPS: 6b67 15 13 1a 1a f fffff7e7 14 2b 23 f 32 64 c 15 16 23 1b 24 1a
FIXUPS: 6582 21 15 16 1b 20 1a f 1b 17 f 13 18 20 15 1b 13 20 fffff7d6
FIXUPS: 5f1a f 32 60 d c c c 26 17 23 f 33 64 c c 44 23 f 32 64 c 25 18
FIXUPS: 6282 f 27 99 1b 1a 1b fffff581 18 13 16 23 f 29 1b 1f 108 19 c9
FIXUPS: 5bf1 21 24 3b 42 4d c c 43 18 13 16 23 10 18 32 42 40 c c fffff56a
FIXUPS: 542c 21 2e f 48 35 ad c c 15 16 23 1d 23 f 39 42 4d c c 43 18 13
FIXUPS: 57cd 23 1a 1d 1c 39 57 c fffff546 f 17 27 2b 1f f 17 27 3e 18 26
FIXUPS: 5092 5c 18 13 16 23 1a 18 1c 21 33 3f 1c f 21 3b 19 d9 1d 38 fffff40c
FIXUPS: 4820 5b 13 34 4d 21 13 56 21 13 34 64 f 1a 59 25 18 f 31 17 13
FIXUPS: 4bb9 e3 32 f 20 5c 13 44 18 18 909f c 7f 1f 34 5c 1b 40 ffff63a0
FIXUPS: 440b 21 21 21 21 21 21 21 21 1e 43 15 40 23 3f 21 1e 44 18 5e 15
FIXUPS: 475c 5c 9219 34 5b 1b 40 26 24 15 13 15 13 15 24 20 f 15 3e 28
FIXUPS: dc5d 32 49 1e 59 26 39 19 15 13 13 2a 1b 22 fffff6cb f 15 1d 13
FIXUPS: d5bf 28 16 c 16 11 39 49 1e 6d 2b 15 15 c 1f 15 55 32 16 32 13
FIXUPS: d8de 1b 22 c c 7f fffff627 1e 15 15 24 3e 28 25 7c 54 5b 36 11
FIXUPS: d25f c 24 18 1f 6f 31 4d 17 5b 15 2d 24 15 13 15 13 15 24 fffff6d2
FIXUPS: cc3c 20 10 20 27 10 20 38 19 15 18 13 37 28 25 c 1d 2a 22 c c 1c
FIXUPS: ceb6 2f 32 15 13 15 13 15 24 fffff7e6 11 22 d 3f 49 6c 12 2c 12
FIXUPS: c944 15 13 15 13 15 1d 13 1d 20 61 20 10 20 20 18 21 13 1d 15 32
FIXUPS: cbc8 fffff6e5 13 10 20 3e 28 25 31 3b e 10 15 19 12 11 15 1c 49
FIXUPS: c501 2c 16 31 17 17 24 18 1f 10 49 3f 48 5d fffff725 35 26 17 17
FIXUPS: bf0c 18 1f 10 49 3f 45 47 1a 2c 49 18 3c 10 15 14 12 11 28 1c 1c
FIXUPS: c222 26 15 13 15 13 fffff61a 13 87 36 95 43 58 60 5c 1b 42 10 15
FIXUPS: bc04 12 11 c 6d 1c 1c 1c 26 15 13 15 13 15 3e 27 25 23 23 fffff587
FIXUPS: b3fa 10 11 13 10 11 13 10 11 3e 27 25 11 6b b4 1e 13 26 19 13 35
FIXUPS: b731 1a 48 13 35 3c 1a 17 2a 1b fffff40b 24 47 10 21 39 15 28 34
FIXUPS: adef 2b 12 12 12 12 c 10 37 60 15 11 34 34 50 164 4e 4e 8b 9d 31
FIXUPS: b376 3c fffff316 12 1e 25 53 12 1e 28 19 22 cc a4 5c 12 1e 47 5d
FIXUPS: aab5 1e 5e 34 21 c c 22 1e 10 10 37 24 c 1e fffff3aa 4c e2 1e 48
FIXUPS: a227 16 13 19 2d 15 2c 10 76 40 2d 15 22 49 10 16 1a 48 59 16 13
FIXUPS: a56d 2d 15 28 44 1b fffff3ef 1e 9a 12 1e 1b 14 25 35 1e 5a 54 12
FIXUPS: 9c92 1b 16 43 58 4f e 74 12 32 26 1e 38 73 42 20 1c 1e 1b fffff441
FIXUPS: 9505 1a 16 13 25 34 1a 16 5a 23 1a 35 8e 1a 1e 3f 1a 1e 51 71 1a
FIXUPS: 98d4 1b 14 24 49 22 1a 1e 1f 22 fffff2a1 64 35 110 19 47 43 20
FIXUPS: 8f4f e 61 5e 1d 12 1e 36 a 3b 6b 25 43 58 3c 16 26 19 20 22 b3
FIXUPS: 93ce 12 1e fffff2db 2e 23 10 39 29 33 10 12 12 16 7f 12 1e 1b 14
FIXUPS: 8969 31 52 1f 31 22 b2 75 12 1e 1b 14 40 12 1e 26 fb59 14 17 2f
FIXUPS: 1884e 20 fffef895 21 36 11 1f 41 21 a1 3c 20 e9 1a 3b 1a c 20 14
FIXUPS: 84a3 1a 2f 40 33 2f 30 a2 33 fbbc 15 61 12 c 1b 24 3a a0 7b 3e
FIXUPS: 184ef a 17 33 19 23 bb 47 12 21 19 19 19 19 19 19 19 19 1d 13 14
FIXUPS: 17d03 18 2b 25 77 36 53 19 15a 1b 1b 16 38 16 20 22 16 1b 20 39
FIXUPS: 18162 10 c c c c c 10 10 1d 34 10 fffff109 11 24 10 20 e 22 2b
FIXUPS: 17456 1d c 20 1b 43 2b a9 66 aa 77 262 26 11 10 17a 23 11 1f 98
FIXUPS: 17cae 1c 13 13 ffffef6c 40 ea 68 2d 8a 10d 4b 24 43 17 18 24 19
FIXUPS: 170f5 16 5f 1e c 19 13 3d 1d 2a 1f 1d f 21 14 d 1b 39 fffff30f
FIXUPS: 16661 53 1f 86 12 2c 53 1d 18 31 1d 71 2b 15 15 27 1d 58 51 13
FIXUPS: 16a4c 2e 1d 85 1b 3a 49 17 1f 1c 31 fffff3ce 27 27 20 1b 23 2e
FIXUPS: 1610b 2f 3c 2b 1e 47 1f 57 20 95 20 57 2b 23 11 4e 2f 26 13 46
FIXUPS: 16537 2d 19 1f 86 ffffeca5 49 1e 64 69 21 3b 1e f2 45 12d 21 49
FIXUPS: 15761 71 21 4a 18f 21 4d 123 45 111 f0 77 55 100 13 1d a 17 2f
FIXUPS: 146fd 98 1b 1d 55 20 55 2a 13 16 34 39 38 23b 21 4a 1e 35 2a ad
FIXUPS: 14d7c 23 33 c3 dc 69 21 3b 1e f7 45 116 ffffe81f 86 ce 73 41 62
FIXUPS: 13d58 55 32 55 c5 6e 1b a1 24 d0 21 39 1f 3b 49 63 13f 33 a7 11
FIXUPS: 144d7 16 10 1b 157 1a ffffe708 2a 21 2a 21 2a 21 3c f 1d 15 198
FIXUPS: 13116 8 cb 98 67 86 fe 32 8e 52 123 80 1a 56 56 4c 4b 54 54 149
FIXUPS: 1256c 17 c e2 1a 19 38 88 1a 19 81 1a 19 38 ae 1a 4b 42 2b a4 8c
FIXUPS: 12b80 21 34 71 24 2f 2f 21 2f 21 2c ffffed5c d2 17 1b c8 c3 5e
FIXUPS: 11dec 5f 60 44 60 45 138 21 52 f 59 7f 1a 26 13 1a 34 5e 57 15
FIXUPS: 12400 27 8a 55 51 ffffe8f5 56 42 c2 25 10d 21 2b 1b 21 21 3d 16
FIXUPS: 11222 62 51 127 5a 94 50 9c 1f 42 121 1df 1e 14 9 16 9 46 15 ffffec9c
FIXUPS: 106c0 21 f 27 b2 137 1b 49 70 ba 3f 78 15 2d 29 1f 2e 1f 14 1d
FIXUPS: 10c5e 11 11 11 60 30 29 30 42 29 30 ffffe9e6 31 3b 59 1b 39 1d
FIXUPS: f975 1a 141 2f 43c 20 3e 1f 8 3f 1b 2f 24 13 27 87 14 9 91 54 2b
FIXUPS: 10306 31c 30 f ffffecb9 1b d 30 5a f 18 9 37 51 27 f 18 9 65 14
FIXUPS: f5a4 10 4e 19 18 17 16 17 26 17 11 17 3f 1a 90 17 fffff518 c 14
FIXUPS: ed2b e7 4b 1a 87 83 d c 5e 1e 1b 3b 30 14 12 3c 16 1c 57 20 17
FIXUPS: f1df 4c 3c 25 1b d 16 2b fffff2ba 57 cc 19 d 1e 12 13 24 71 f 1d
FIXUPS: e8a2 40 6e 3b 14 3e 82 24 6b d c 14 5e 1f 6e 3b 14 17 24 57 d61a
FIXUPS: 1c33f 18 1c f ffff1ccb 17 16 f 7e 14 9 20 9 22 34 22 44 59 ca 40
FIXUPS: e403 33 29 f 2b 2b 17 d 64 1b 24 da04 18 14 19 f 18 19 f 18 19
FIXUPS: 1c063 18 f e f e 8 21 1c 1c 1c 1c 1c 1c 1c 19 19 19 19 21 8 88
FIXUPS: 1bcef 19 f 18 19 f 18 14 12 14 19 f 16 19 f 18 19 f 18 19 f 18
FIXUPS: 1bec0 f 18 19 f 18 19 f 18 19 fffff796 8 1b 22 6f 8 52 1c 20 25
FIXUPS: 1b8a1 15 184 d 5 91 39 70 26 30 f 18 f 1d e 1e 14 19 f 18 19 f
FIXUPS: 1b253 1b 8f 12 13 57 1e 5f 1e 1e 1e 1e 2e f 5c 21 17 a d d d d
FIXUPS: 1b58a d d d d 11 de 2a 12 1b fffff7d0 f 26 20 20 21 12 12 27 2c
FIXUPS: 1b00f 16 3f 21 25 16 c 8 1d 12 41 c 1f 12 12 12 12 12 12 12 c 13
FIXUPS: 1a841 14 c 20 16 1a 60 ba 19 19 5b 174 17 13 21 21 b9 27 38 f 10
FIXUPS: 1ad8c 37 21 c 29 19 21 f 26 19 21 fffff3a4 92 45 30 e 6 1a 107
FIXUPS: 1a4ca 20 44 46 31 cd 2e 1a 18 19 26 14 1d 1d 10 14 c 20 19 10 14
FIXUPS: 1a7f8 20 19 fffff1f5 12 8 10 d 21 e 8 4e 14 3f b 14 21 21 a1 f
FIXUPS: 19cfc 62 21 80 8 6 47 28 23 31 f6 84 1b 1bd 22 fffff195 23 20 23
FIXUPS: 1945f 23 20 23 20 1e 1e 1e 1e 1e 1e 1b 18 18 20 1f 1f bf f 18 9
FIXUPS: 19750 d7 48 21 134 44 d fffff523 28 26 26 26 26 26 23 23 23 50
FIXUPS: 19155 f 18 9 1d 9 1b 14 7e f 18 9 1d 9 1b 2d 18 28 15 18 56 fffff777
FIXUPS: 18b4c 15 20 69 3d 17 d 11 12 18 11 13 f 18 12 17 28 18 28 15 10
FIXUPS: 18da0 16 56 28 23 28 23 28 23 28 57b1 49 37 16 14 6f 39 63 16 24
FIXUPS: 1e91c 16 13 15 18 4b 15 15 a0 a7 7c ffff9d0b 4c 16 16 16 16 f 42
FIXUPS: 18a99 31 49 56e4 38 17 1a 1f 18 59 e e e 2e 32 24 1d 16 28 69 f
FIXUPS: 1e489 9 1d 9 1d 7f 1a 15 1a 15 57 7f 1c c fffff7e2 38 17 1a 1f
FIXUPS: 1df68 17 13 18 15 17 13 18 1a 17 13 18 15 17 13 18 15 17 13 18
FIXUPS: 1e11b 1d 18 1d 40 17 17 fffff950 1f 1a 2a 1a 5b 17 13 18 15 17
FIXUPS: 1dc84 18 1a 17 13 18 15 17 13 18 15 17 13 18 10 1d 18 1d 40 17
FIXUPS: 1de76 fffff82f 1f 27 1a 69 17 10 15 3c 17 10 15 37 17 10 15 10
FIXUPS: 1d8c2 18 1d 57 17 17 1c 2d 54 28 1f 1d 1f 1a 5e fffff82d 18 54
FIXUPS: 1d3c4 13 18 15 17 13 18 1a 17 13 18 15 17 13 18 15 17 13 18 10
FIXUPS: 1d57d 18 1d 40 17 17 1c 38 17 fffff943 1a 61 17 13 18 15 17 13
FIXUPS: 1d0e2 1a 17 13 18 15 17 13 18 15 17 13 18 10 1d 18 1d 40 17 17
FIXUPS: 1d2d8 38 17 fffff875 28 28 15 1d 15 19 15 10 37 17 10 15 10 1d
FIXUPS: 1cd29 1d 35 4e 28 1c 1d 1c 17 54 17 1c 17 59 17 1a 1f fffff56e
FIXUPS: 1c541 33 2b 6a f 18 9 1d 9 1d 1b 123 19 2f 18 7d ad 2c 2c 42 18
FIXUPS: 1ca1d 1b 1a 17 32 1a 6f 17 10 15 29dc 28 12 17 18 15 14 1a 28 12
FIXUPS: 1f639 18 15 14 1a 2d 84 7e 7e 19 50 ffffcaf3 1a 2f 6c f 18 9 1d
FIXUPS: 1c4a8 1d 3e 2a81 c3 12 18 35 70 c c 2d 19 c3 12 18 50 71 c c 14
FIXUPS: 1f36b c 46 5e c 1e 23 13 31 1e 18 17 16 13 10d6 371 17 17 8b 17
FIXUPS: 20a50 ffffe1d4 5a d c c c 25 35 5e c c 1f 2a 1b 3e 5e c c 1b 4b
FIXUPS: 1ef15 13 c c 2b 52e3 f4 174 35 91 2e 19 1c1 ffffb238 52 37 2e d2
FIXUPS: 1fb54 283 14 115 1d8 be 152 42 f 3a 81 c b 3b de 17 17 78 17 335a
FIXUPS: 2396f c 2c c 24 55 6 1a 1b 36 26 22 22 21 41 c 34 15b 18 37 1c
FIXUPS: 23ecd 2b 50 c 5a dc 1c c 7c 47 ffffe6fd 7a 115 9a 20 120 21 8e
FIXUPS: 22ca2 23 70 aa 8 50 27 c 9a c7 2d 1c a 6 6c 1fc b1 23 4d1 37 19
FIXUPS: 238e4 c 3f ffffe592 b 1e f 64 20 32 a 277 f f0 a 18 7 a 42 b 2d
FIXUPS: 223f8 d f 5d f2 59 2c 14 86 af 17 25 3c 6e ffffed65 5 5 5 5 11
FIXUPS: 215b0 78 9 a e b8 48 68 2c 14 55 3c 50 23f 13 15 13 15 5c 77 14f
FIXUPS: 21d91 b8 19 a 14 3611 3d 1f 1f c 1f ffffb81b 36d 17 170 43 dd 25
FIXUPS: 2145b 5 5 18 5 3d 14 5 13 5 16 1b 5 1b 15 10 7 5 5 5891 1e 51 13
FIXUPS: 26f65 1e 12 37 39 43 130 74 7d c 61 2d 1a 12 ffffd567 67 14d 234
FIXUPS: 24caa ac 2c 80 f 90 f 2c3 1c7 68 d4f 16 67 24e 11 2f 28 28 22 87
FIXUPS: 26509 c1 31 b2 1d 159 1d 58 3b 14 c9 1e 2c 62 15 22 47 147 4d 1a
FIXUPS: 26c9a 162 12ef 37 ac ffffd42a 17 1d 54 20 15b f a 11 f f f 37 7d
FIXUPS: 25937 2f 66 ef bf 15c 1f 19 104 43 39 c 5e df 52 167f 72 59 26
FIXUPS: 277ac 29f 2f a6 c 69 5f 60 1a d 1f 1f 1f 1c 42 12 4e d 1f 1f 1f
FIXUPS: 27e1c 59 37 ac 58 37 ab 2419 b 2b 2e 1a f 1e 60 17 13 c 15 9 14
FIXUPS: 2a630 20 9 2e 9 f 1f 1d 29 ffffccba 39 166 f 82 c 2a 16 30 29e1
FIXUPS: 2a05d 18 14 2b 9 32 1a f 1e 60 17 13 c 15 9 3d 1c 16 12 20 9 2e
FIXUPS: 2a2cb f 1f 1d 29 46 25 31 22 fffff939 10 1f 1b 10 1f 29 9 2e 9
FIXUPS: 29e63 13 29 5 16 21 16 10 f 1f 14 15 16 f 1a 14 11 15 16 f 20 14
FIXUPS: 29821 1f 1b 14 10 21 1b 14 10 1f 1b 19 19 19 8 19 d 4f 1b ab 4e
FIXUPS: 29b93 7e 15 2a a 48 10 1f 1b 10 1f fffff63d 15 16 15 18 5b 10 18
FIXUPS: 29445 5e c 24 28 28 45 1b 4e 1b 49 25 1b 12 1d 19 19 24 15 3f 44
FIXUPS: 297d3 2a 14 fffff731 13 19 20 20 21 31 19 19 16 15 39 3b 3b 1a
FIXUPS: 29151 1e 1a 2a 1e 1a 2c 1a 2b 1a 2b 14 1a d 13 d 2a fffff843 1d
FIXUPS: 28b9b 64 3c 14 9 21 e 31 1b b 66 19 10 14 9 1f 10 17 15 1d a 1f
FIXUPS: 28e43 1b 26 1c 16 26 1c 2b fffff531 5e 8c 2c 19 39 8c 3a 3a 10
FIXUPS: 286ec b c0 c 11 b 1e3 4a d 18 1d a d 18 1d 2f d 18 1d e 2b d 4d39
FIXUPS: 2d89f 18 a3 3d 21 11 83 c 77 8 1b ffffa745 c 34 23 11 1a 27 1a
FIXUPS: 28319 1e e 1e 1a 14 f 14 9 d 2e 53 483c 8 46 c 6a 15 23 35 b 11
FIXUPS: 2cddc 9f 4e 3d 59 32 150 127 14 9 185 198 b4 6f 10 20 c b2 12 a7
FIXUPS: 2d833 4b ffffee1a 2c 10 14 10 14 10 14 10 14 10 40 61 8e 1f 18
FIXUPS: 2ca42 36 14 f 2f 18 20 15 75 3f c 3d 1c c 1d b fffff62e 18 14 1a
FIXUPS: 2c300 15 47 14 24 39 2b 25 b 14 9 7d d 16 10 18 d 16 10 3b 1a 18
FIXUPS: 2c5d1 18 1c 2e 22 3a fffff0ff 53 f7 16 d 19 27 f 17 17 11 28 21
FIXUPS: 2ba58 35 2f 1d 6c 75 53 49 11 49 2f4 59 a3 c 17 125 11 4f 3b ffffe9fd
FIXUPS: 2acb1 6d 17 73 8d 41 33 41 5a 3a 15 36 15 3e 16 a 5d 19 63 b8 16
FIXUPS: 2b1f0 19 93 10d 22 53 186 1c 7d 33 604f 20 38 92 29 ab 29 2b 29
FIXUPS: 319c8 29 1e ffff8dcf aa f 20 d5 26 1b f 20 90 1d 84 31 e d e 23
FIXUPS: 2abf8 1e 31 662e 10 16 d 10 1a f 19 15 1d f 8c a 17 13 1c 34 15
FIXUPS: 3147d f 6f 37 19 31 10 1a f 1d 15 1d f 6f fffff965 10 19 10 19
FIXUPS: 31049 19 10 19 10 19 10 19 12 19 12 19 10 19 10 19 10 19 10 19
FIXUPS: 311e7 19 10 19 10 16 10 fffffacd 19 14 19 14 19 10 19 10 19 16
FIXUPS: 30e20 16 19 12 19 16 19 16 19 12 19 10 19 10 19 c 1b 19 10 19 10
FIXUPS: 306d6 10 f1 13 22 1b 13 1b 13 6a 39 35 23 2e 4a 10 31 10 23 1a
FIXUPS: 30a76 f 1a 4b f 1f f 17 30 9 191 14 fffff3f2 b 78 33 35 35 1b 2a
FIXUPS: 30295 f 17 17 13 15 22 19 bb 31 1a 2e 1a 22 f 99 f 16 2d 1a 25
FIXUPS: 305fe 1e 35 fffff61a 3f 2a 2c 19 21 37 27 1c 19 1d 29 1c 1c 27
FIXUPS: 2fe8e 1d b a7 b f 14 b 13 b 31 39 35 23 2b 3d b fffff7bb 1c f 5c
FIXUPS: 2f94b 16 e 1a 12 24 2c 35 35 1b 16 11 15 22 19 1d 1d 1d 1d 1d 1d
FIXUPS: 2fbaf 1a 24 1e 2a b 14 fffff415 c1 9a 1d 106 2a 2c 12 32 2c 2c
FIXUPS: 2f3eb 32 2c 4d 32 2c 1f 2c 29 63 6a 14 7c 1a 42 2c 4b 4f 71 1a
FIXUPS: 2f895 fffff1bd 2f 2f 15 3c 15 1e 15 19 2a 1d 31 33 7d 63 5e 45
FIXUPS: 2eda8 10 c c a1 5f 20 20 20 3a 60 13 3e 20 1b fffff599 4c 1a 14
FIXUPS: 2e6b5 1a 14 5d 1a 13 2d a 1b 30 1d f 21 14 15 16 f 79 28 b 27 b
FIXUPS: 2e993 b 25 b 47 15 fffff46c 3d af 4d 31 1a 44 1a 26 73 16 1f 1a
FIXUPS: 2e179 13 14 2b 3e 39 15e 33 3b 3b 3b 3b 40 16 4b c 10 14 18 4f18
FIXUPS: 3350f 2c 56 15a 2e 41 109 1ac 61 4b 4b 48 2d 90 135 39 18 69 1b
FIXUPS: 2dd0a f 32 39 1a 13 1b 1a 1d 1a 26 44 4931 35 14 e5 14 1b 1d 228
FIXUPS: 32b6e 26 31 31 27 21 1e 1e 1e c 73 5e 8e 37 b5 52 1d 9e 8 46 d9
FIXUPS: 33184 1ac 61 ffffeb42 b 1f e 12 1f 97 30 27 27 26 b 1f 34 b 1f
FIXUPS: 3215b 1f 10f 11 11 f 2b 5d ad 85 97 58 58 97 52 18 4bcb 3d c 22
FIXUPS: 37334 e 1b 12 ffffa742 77 2d d4 a9 15 4b b 1f e 12 1f 22 b 1f e
FIXUPS: 31e07 1f 22 b 1f e 12 1f 4d80 18 c 14 18 24 16 13 18 c 14 18 1d
FIXUPS: 36d51 13 18 11 13 18 c 1a 18 6c 17 161 17 f3 17 17 1c de 1f fffff60f
FIXUPS: 3685b 10 13 30 d 30 1b a 9 a 9 a 9 18 b9 11 29 c 24 20 20 20 25
FIXUPS: 36b1a c c 5a 1c 25 18 39 fffff361 85 17 38 48 3f 3f 3a 3a 37 43
FIXUPS: 3624f 59 5c 2c 3f 13 d6 58 15 18 c 21 55 5d 42 5e 42 5d 42 5e 42
FIXUPS: 353c0 4e 18 15 15 15 1c 15 55 1a 7b 1c 49 3d 48 b1 24 2e da 3a9
FIXUPS: 35d53 15 15 15 15 15 2d 2a 1a 2f 39 28 ffffeccc 16 10 2d 64 55
FIXUPS: 34cbd 61 55 55 d 22 2c 44 3a 24 5b 49 47 72 58 5b 59 5a 1f 3a 1e
FIXUPS: 35219 74 7d 50 3e 4956 ffffa2ba 2b 4d b5 2e 19 2e 19 2e 19 2e 16
FIXUPS: 3421c 272 17b 46 2e 260 30 58 15 18 c 1e 2e 33 40 6d 36 16 10 4d73
FIXUPS: 398c5 26 3d 16 14 59 60 5 a7 2a 43 26 1a 1a 23 1a 1e 17 11 d 8
FIXUPS: 39c5e a 8 5 5 5 7 a 8 42 fffff54d f 4a f 55 b d 6e b 31 f 43 b
FIXUPS: 39434 23 35 1d 4f 46 d 44 d 7d 27 23 d 192 2f 1c 18 d 1c fffff2a9
FIXUPS: 38b47 1b 1b 39 ae 14c 3c 8d 2f 48 d f 42 d 60 d 22 d 6c 17 b 35
FIXUPS: 390c7 1f d 36 2c b d 79 b fffff329 b 12 b 28 b 26 b 8 e 52 27 c3
FIXUPS: 3876c 22 69 47 29 f e 5 51 c a f 20 c 32 7d f2 23 27 fffff030 d
FIXUPS: 37b63 c c 8 5e 16 16 d e 8 a 10 2e 1e 30 1e 122 52 52 64 5c 34b
FIXUPS: 38474 b 14 b 20 b 12 b fffff3a5 12 12 c 8 5 5 11 4e 28 d 3e 16
FIXUPS: 379d0 16 d 14 f 8 11 2a 78 8 5 5 5 e 5 a 16 11 d 2e63 13 13 13
FIXUPS: 39d2e 20 5a ffffd603 13 1b e 10 10 10 10 10 c b 61 19 30 19 12c
FIXUPS: 376d3 66 36 23 12 5e 44 b 23 2b39 8f 92 14 8 52 56 4a 1c 1c 1c
FIXUPS: 3a64c 1c 1c 13 3d 1d 1c d1 22 16 2e 9 18 46 43 19 36 13 13 13 13
FIXUPS: 41ce1 2b 13 50 64 11 35 ffff7fb6 11 18 11 2f 23 21 6c b0 1e 18
FIXUPS: 3a04a 1e 18 1a 16 c c3 42 17 c 6a c8 16 17 6b1d a 13a 17 17 156
FIXUPS: 41134 b8 27 c2 d7 2d 40 96 ef 14 a 17b 17 17 7e 1c 1c2 17 17 201
FIXUPS: 41c46 27 2a 12 13 12 ffffe6e3 38 5b 31 28 31 32 36 a 1b 33 e2 fe
FIXUPS: 4088f 17 17 41 19 a 13a 17 17 4e a 143 17 17 4e a 13a 17 17 ffffe9c9
FIXUPS: 3f7f8 1b b9 3c 47 133 e 10 1e4 10 3f a 129 17 17 aa 5d 25 28 35
FIXUPS: 3ffe6 7f fe 22 35 59 1b 1f 4a 52 70 ffffe839 1d f9 16 bd 27 61
FIXUPS: 3ee0d 11f 17 17 9a 5a 13 119 c9 69 31 31 161 1f 1f 3d 30 31 31
FIXUPS: 3f607 9b 7c 2e c 47 ffffe7aa 2e c5 19 1b5 103 c9 8a 5d 74 15 101
FIXUPS: 3e695 2c 1d 1b 1b 71 48 131 29 29 79 1e 53 e 16 a 95 11 11 56 ffffe8b9
FIXUPS: 3d473 17 17 5f 2c 37 dd 5c 3f 31 8 af 9d 17 17 69 40 7a 10f c4
FIXUPS: 3dbb1 21 9f 27 28 35 3b 40 24 80 f9 ffffe635 81 5f e2 2d 28 5f
FIXUPS: 3c899 cf 85 2b 70 14 7d 4d 51 2a 19 14 9f b7 50 8 96 3a 1c 94 2a5
FIXUPS: 3d219 69 31 fa ffffe960 73 53 31 c 5b 62 12 32 75 8 13 3b 36 11
FIXUPS: 3c04a 2e c 37 c 4e 128 c 29 5f 10 67 79 8 a9 a2 17 ffffee81 a2
FIXUPS: 3b45a 3e f 48 f 11 f 28 f 3f e8 13 51 4f 54 78 69 69 45 4f 74 86
FIXUPS: 3baa6 94 93 35 11 c 58 54 fffff0db 27 b 11 11 16 2a f 5b 49 42
FIXUPS: 3af59 2e 35 57 20 53 22 4a 47 5d c 5b 17 10 2f f 9f 2c f 20 40
FIXUPS: 455a0 19 1f 16 17 34 11 16f 40 10 2c 14 12 f 173 17 27 1d ffff4fdb
FIXUPS: 3aa25 11 11 34 17 127 24 57 34 12 20 3b 95 a218 e c 18 c 46 c 103
FIXUPS: 45121 8a 23 16 1c 16 16 c 68 14 6c 1c 16 16 17 34 1a f 86 14 4c
FIXUPS: 454e9 82 1c fffff27d 23 16 a0 3e 35 15 aa 16 18 17 1a 1a ec 56
FIXUPS: 44cda 14 2a 35 40 27 e 53 e 27 18 e 19 21 22 e c ffffeee1 2e 4d
FIXUPS: 43e6a b1 14 b6 1a 7e 9d 1c 23 15 28 9c 1c 43 18 17 1a 1a 153 2e
FIXUPS: 444b0 c8 10 19b 17 28 54 1c 1c ffffeedf f 35 34 24 3a 28 59 24
FIXUPS: 43898 24 28 1f 10 2e 19 24 21 21 21 b4 82 76 52 52 4d 35 16 c 49
FIXUPS: 43d46 26 ffffec26 a1 217 1c 9d 48 b5 24 3f af 4a 62 1a 72 86 1f
FIXUPS: 430fb cf e7 20 c 225 c 46 1d 36 3c 24 24 34 22 24 2491 2c 21 54
FIXUPS: 45beb 6a 13 21 99 26 f 2b 1b e 4f ffffc0e5 39 68 f 14f e0 10 ae
FIXUPS: 423d6 3c eb 66 b7 11c 6d 10c 42 3d53 11 f f 14 b 16 e 16 e 16 e
FIXUPS: 4670d 16 11 16 11 16 11 23 1b 32 b d 23 e 8 5 9 fffff29b 22 18
FIXUPS: 461e9 1a 1a 65 3f 21 12 24 12 1d 12 1b 12 18 36 15 5f 10 16 24
FIXUPS: 464b8 4a 2b 21 11 25 11 19 16 f 1c 44 d3c c 1b 13 1e c 1b 13 24
FIXUPS: 47433 e b 11 e b ffffe9dc 44 f 26 f 26 26 2b 39 5a 3e 31 18 12
FIXUPS: 46147 37 2e e17 f f f f 16 23 d 81 25 38 5e 1c 25 f 27 2f 23 14
FIXUPS: 4726a 1b c 1b c 1b c 1b c 1b c 1b c fffff808 61 e7 19 f 31 14 e
FIXUPS: 46d41 f 1b 16 f 18 f 15 f 1b 16 7a 8 15 5d 2a 12 12 12 12 12 12
FIXUPS: 46fa5 f 244e 16 1c 22 18 98 3f 36 2a 3a 3c 5a 2c ffffe310 35e 20d
FIXUPS: 47f5f 28 3b 60 d 43d eb 123 4f 75 ffffe240 34 55 6b 28 1a 22b3
FIXUPS: 48d7b 28 7b 2a 1a 23 1c 16 13 e 31 1b 14 c 3c 1d 8a 12b 70 48 27
FIXUPS: 4926e 11 36 e 35 22 18 27 4f e 2180 33 3b 1a be b9 ffffd1f9 22
FIXUPS: 4897b 19 4d 22 2b 19 45 1e 1e 1c 2d 31 31 41 20 55 63 1a 3c b 27
FIXUPS: 48d1f 19 b 1dc6 18 ad 10 b1 3f dd a6 5 1f 20 30 18 1f 30 24 1e
FIXUPS: 4af94 16 d2 31 7c 21 87 15 3f a 26 22 71 f0 14f ffffef67 d4 f8
FIXUPS: 4a682 14 10 1d a 19 13 57 83 54 13 51 9 15 e 10 1e 1b 1b 63 9 55
FIXUPS: 4a9f5 18 46 9 2a 9 19 ffffec78 c df 14 18 4d 10 16 213 22 1d 1d
FIXUPS: 49bd5 33 90 2d 20 a8 2d 20 e1 121 171 b4 28 10 2c 43 13e 28 10
FIXUPS: 4a44a 2730 d 75 1e 1d 37 40 20 1c 5a e 1e6 37 17 1b 39 1c 16 19
FIXUPS: 4d046 21 21 21 6f e 8b 79 36 14 1c 93 ffffc3cb 2ebe 23 21 18 14
FIXUPS: 4c638 18 14 2c 9 30 9 9d 3c 33 87 16 1b 16 18 16 18 16 4a 89 2a
FIXUPS: 4ca55 f 1f e 8e 48 fffff610 c 19 54 18 1f 13 18 c 14 18 1f 16 13
FIXUPS: 4c2ea c 14 18 1f 16 13 18 17 18 7b 21 2f 23 23 17 79 11 fffff4c0
FIXUPS: 4ba49 16 15 c 4e 7d 15 36 1c 4b 56 22 16 53 b4 3e 5c 18 f6 16 1c
FIXUPS: 4bf7f 49 23 21 16 20 c 10 84 16 1b3a f 35 c 67 21 39 5a 11 11 16
FIXUPS: 4dde1 17 a9 7c 31 1f dc 15d 63 c c8 ffffd493 1d 16 c1 4c 31 8f
FIXUPS: 4b993 20 1c 1a15 44 7f 19 72 20 30 16 22 1d 67 d 7a 3e 25 51 c
FIXUPS: 4d7ec 8 8 33 1e 3f 83 c b 11 1b 39 38 ca 148 3be8 6e 22 50 5d 63
FIXUPS: 519c7 9d 30 35 11 11 22 f 16 f 11 11 11 11 e e e e e e e e e ffffb763
FIXUPS: 4d386 3f 3e05 12 14 3a 1b a0 50 59 17 17 11 3d 2e 28 35 3b 2d 38
FIXUPS: 51562 26 af 16 18 13 18 13 2a 37 1b 3b 2f 26 fffff0f8 5e f5 97
FIXUPS: 50aaa 3c f 39 f a1 d4 c1 8a 48 7c f 43 40 1a 23 33 15 26 1a 3c
FIXUPS: 51088 4e 37 1c 25 10 3d ffffeb4c f4 10 100 22 62 55 44 b3 5b 144
FIXUPS: 5029d 6c 4f 22 54 62 4c 84 4f 67 6d 6f 77 42 1b 42 10 3f 3f 2e
FIXUPS: 50894 ffffead1 11 4a 27 18 1a 1d 24 1a 1d 24 1a 1d 27 84 4f 49
FIXUPS: 4f684 54 7e 50 e 120 1b 5f 13 e ed 179 e 51 18 fffff0d9 31 2f 21
FIXUPS: 4eddb f 48 3a 15 1c 1a 1d 7f 44 40 25 10 32 12 14 3a 1b a0 b0 47
FIXUPS: 4f267 17 11 4a 18 46 17 fffff18e a9 75 20 63 49 1d 4d 2a 25 17
FIXUPS: 4e7b5 18 15 16 15 18 72 43 20 57 13a 1a 1d 53 1f 24 2b b 3a b fe
FIXUPS: 528af 1b 1c 1d 2c 24 36 2ca 1a 36 3c 13a 8b 3c7 17 22 17 23 17
FIXUPS: 53447 17 22 17 78 29 37 c ffffae64 16 17 a3 16 37c1 25 16f 11 11
FIXUPS: 51e58 11 11 11 116 c d9 14 66 46 33 14 14 16 1d 1a 7c 46 1a 8f
FIXUPS: 523cf 1d 6a 139 24 12f 16 237b 11 13 12 11 15 12 27 f e 17 15 13
FIXUPS: 54b79 a 16 e 12 11 13 12 11 13 12 11 15 12 27 f e 17 15 fffff5a4
FIXUPS: 5428b 1a 112 23 2b 23 18 4c 1e 1f 16 ff 11c 16 e 102 17 27 9 16
FIXUPS: 5488b 102 17 28 16 25 16 e 12 11 13 ffffebde 47 1d 129 3c 1d 21
FIXUPS: 5386a 23 24 25e 228 13 1b 1f ab 26 f 1c 19 38 13 19 40 13 e7 15
FIXUPS: 54061 17 162 36 3a
